ARM Linker, RVCT4.0 [Build 728] [Standard]

==============================================================================

Section Cross References

    lpc2400.o(STACK) refers (Special) to heapauxi.o(.text) for __use_two_region_memory
    lpc2400.o(HEAP) refers (Special) to heapauxi.o(.text) for __use_two_region_memory
    lpc2400.o(RESET) refers (Special) to heapauxi.o(.text) for __use_two_region_memory
    lpc2400.o(RESET) refers to lpc2400.o(STACK) for Stack_Top
    lpc2400.o(RESET) refers to __main.o(!!!main) for __main
    lpc2400.o(.text) refers (Special) to heapauxi.o(.text) for __use_two_region_memory
    lpc2400.o(.text) refers to lpc2400.o(HEAP) for Heap_Mem
    lpc2400.o(.text) refers to lpc2400.o(STACK) for Stack_Mem
    main.o(.text) refers to uart0.o(.text) for Tx1_EN
    main.o(.text) refers to time.o(.text) for Time0Init
    main.o(.text) refers to uart1.o(.text) for UART1_Ini
    main.o(.text) refers to iocontrol.o(.text) for IOinit
    main.o(.text) refers to main.o(.data) for KS_ONFlag
    main.o(.text) refers to time.o(.data) for mainDelay_1mS_Count
    main.o(.text) refers to uart1.o(.bss) for QBCReadBuff
    time.o(.text) refers to time.o(.data) for testF
    time.o(.text) refers to uart2.o(.data) for switchToAFC_heartBeat
    uart0.o(.text) refers to uart1.o(.text) for UART1_Ini
    uart0.o(.text) refers to iocontrol.o(.text) for KS2_DelayOn
    uart0.o(.text) refers to keydatatosend.o(.text) for LoadLL1DatatoSendtoJOS2
    uart0.o(.text) refers to uart0.o(.data) for T0_sendIndex
    uart0.o(.text) refers to uart0.o(.bss) for T0_Send_Buffer
    uart0.o(.text) refers to uart0.o(.constdata) for .constdata
    uart0.o(.text) refers to uart1.o(.data) for T1_ItsRecTime
    uart0.o(.text) refers to uart2.o(.data) for T2_ItsRecTime
    uart0.o(.text) refers to uart3.o(.data) for T3_ItsRecTime
    uart1.o(.text) refers to uart0.o(.text) for Tx1_EN
    uart1.o(.text) refers to uart1.o(.data) for T1_sendIndex
    uart1.o(.text) refers to uart1.o(.bss) for T1_Send_Buffer
    uart1.o(.text) refers to uart0.o(.data) for buffer
    uart1.o(.text) refers to uart2.o(.data) for switchToAFC_heartBeat
    uart2.o(.text) refers to uart0.o(.text) for Tx2_EN
    uart2.o(.text) refers to iocontrol.o(.text) for KS3_DelayOn
    uart2.o(.text) refers to keydatatosend.o(.text) for UpdateNewJOSdata
    uart2.o(.text) refers to uart2.o(.data) for T2_sendIndex
    uart2.o(.text) refers to uart2.o(.bss) for T2_Send_Buffer
    uart2.o(.text) refers to uart0.o(.data) for buffer
    uart2.o(.text) refers to keydatatosend.o(.data) for AFC_MGBP_I
    uart3.o(.text) refers to uart0.o(.text) for Tx3_EN
    uart3.o(.text) refers to keydatatosend.o(.text) for UpdateOldLLdata
    uart3.o(.text) refers to uart3.o(.data) for T3_sendIndex
    uart3.o(.text) refers to uart3.o(.bss) for T3_Send_Buffer
    uart3.o(.text) refers to uart0.o(.data) for buffer
    uart3.o(.text) refers to uart2.o(.data) for uart2NormalFlag
    uart3.o(.text) refers to uart1.o(.data) for uart1NormalFlag
    uart3.o(.text) refers to keydatatosend.o(.data) for newAFCDelayShutDown
    iocontrol.o(.text) refers to uart1.o(.bss) for QBCWriteBuff
    iocontrol.o(.text) refers to uart1.o(.data) for uart1NormalFlag
    keydatatosend.o(.text) refers to iocontrol.o(.text) for KS2_DelayOn
    keydatatosend.o(.text) refers to aeabi_sdiv.o(.text) for __aeabi_idivmod
    keydatatosend.o(.text) refers to keydatatosend.o(.data) for newAFC_Drives_Selected
    keydatatosend.o(.text) refers to keydatatosend.o(.bss) for JosBuff1
    keydatatosend.o(.text) refers to uart0.o(.bss) for DataBuffer1
    aeabi_sdiv.o(.text_udiv) refers to aeabi_sdiv.o(.text) for __arm_div4
    aeabi_sdiv_div0.o(.text_udiv) refers to aeabi_sdiv_div0.o(.text) for __arm_div4
    __main.o(!!!main) refers to rtentry.o(.ARM.Collect$$rtentry$$00000000) for __rt_entry
    rtentry.o(.ARM.Collect$$rtentry$$00000000) refers (Special) to rtentry2.o(.ARM.Collect$$rtentry$$0000000A) for __rt_entry_li
    rtentry.o(.ARM.Collect$$rtentry$$00000000) refers (Special) to rtentry2.o(.ARM.Collect$$rtentry$$0000000D) for __rt_entry_main
    rtentry.o(.ARM.Collect$$rtentry$$00000000) refers (Special) to rtentry2.o(.ARM.Collect$$rtentry$$0000000C) for __rt_entry_postli_1
    rtentry.o(.ARM.Collect$$rtentry$$00000000) refers (Special) to rtentry2.o(.ARM.Collect$$rtentry$$00000009) for __rt_entry_postsh_1
    rtentry.o(.ARM.Collect$$rtentry$$00000000) refers (Special) to rtentry2.o(.ARM.Collect$$rtentry$$00000002) for __rt_entry_presh_1
    rtentry.o(.ARM.Collect$$rtentry$$00000000) refers (Special) to rtentry4.o(.ARM.Collect$$rtentry$$00000004) for __rt_entry_sh
    rtentry.o(.ARM.exidx) refers (Special) to rtentry2.o(.ARM.Collect$$rtentry$$0000000A) for __rt_entry_li
    rtentry.o(.ARM.exidx) refers (Special) to rtentry2.o(.ARM.Collect$$rtentry$$0000000D) for __rt_entry_main
    rtentry.o(.ARM.exidx) refers (Special) to rtentry2.o(.ARM.Collect$$rtentry$$0000000C) for __rt_entry_postli_1
    rtentry.o(.ARM.exidx) refers (Special) to rtentry2.o(.ARM.Collect$$rtentry$$00000009) for __rt_entry_postsh_1
    rtentry.o(.ARM.exidx) refers (Special) to rtentry2.o(.ARM.Collect$$rtentry$$00000002) for __rt_entry_presh_1
    rtentry.o(.ARM.exidx) refers (Special) to rtentry4.o(.ARM.Collect$$rtentry$$00000004) for __rt_entry_sh
    rtentry.o(.ARM.exidx) refers to rtentry.o(.ARM.Collect$$rtentry$$00000000) for .ARM.Collect$$rtentry$$00000000
    aeabi_idiv0_sigfpe.o(.text) refers to rt_div0.o(.text) for __rt_div0
    rtentry2.o(.ARM.Collect$$rtentry$$00000008) refers to boardinit2.o(.text) for _platform_post_stackheap_init
    rtentry2.o(.ARM.Collect$$rtentry$$0000000A) refers to libinit.o(.ARM.Collect$$libinit$$00000000) for __rt_lib_init
    rtentry2.o(.ARM.Collect$$rtentry$$0000000B) refers to boardinit3.o(.text) for _platform_post_lib_init
    rtentry2.o(.ARM.Collect$$rtentry$$0000000D) refers to exit.o(.text) for exit
    rtentry2.o(.ARM.Collect$$rtentry$$0000000D) refers to main.o(.text) for main
    rtentry2.o(.ARM.exidx) refers to rtentry2.o(.ARM.Collect$$rtentry$$00000001) for .ARM.Collect$$rtentry$$00000001
    rtentry2.o(.ARM.exidx) refers to rtentry2.o(.ARM.Collect$$rtentry$$00000002) for .ARM.Collect$$rtentry$$00000002
    rtentry2.o(.ARM.exidx) refers to rtentry2.o(.ARM.Collect$$rtentry$$00000008) for .ARM.Collect$$rtentry$$00000008
    rtentry2.o(.ARM.exidx) refers to rtentry2.o(.ARM.Collect$$rtentry$$00000009) for .ARM.Collect$$rtentry$$00000009
    rtentry2.o(.ARM.exidx) refers to rtentry2.o(.ARM.Collect$$rtentry$$0000000A) for .ARM.Collect$$rtentry$$0000000A
    rtentry2.o(.ARM.exidx) refers to rtentry2.o(.ARM.Collect$$rtentry$$0000000B) for .ARM.Collect$$rtentry$$0000000B
    rtentry2.o(.ARM.exidx) refers to rtentry2.o(.ARM.Collect$$rtentry$$0000000C) for .ARM.Collect$$rtentry$$0000000C
    rtentry2.o(.ARM.exidx) refers to rtentry2.o(.ARM.Collect$$rtentry$$0000000D) for .ARM.Collect$$rtentry$$0000000D
    rtentry4.o(.ARM.Collect$$rtentry$$00000004) refers to sys_stackheap_outer.o(.text) for __user_setup_stackheap
    rtentry4.o(.ARM.exidx) refers to rtentry4.o(.ARM.Collect$$rtentry$$00000004) for .ARM.Collect$$rtentry$$00000004
    rt_div0.o(.text) refers to defsig_fpe_outer.o(.text) for __rt_SIGFPE
    sys_stackheap_outer.o(.text) refers to libspace.o(.text) for __user_perproc_libspace
    sys_stackheap_outer.o(.text) refers to lpc2400.o(.text) for __user_initial_stackheap
    exit.o(.text) refers to rtexit.o(.ARM.Collect$$rtexit$$00000000) for __rt_exit
    defsig_fpe_outer.o(.text) refers to defsig_fpe_inner.o(.text) for __rt_SIGFPE_inner
    defsig_fpe_outer.o(.text) refers to defsig_exit.o(.text) for __sig_exit
    defsig_fpe_formal.o(.text) refers to rt_raise.o(.text) for __rt_raise
    libinit.o(.ARM.Collect$$libinit$$00000000) refers (Special) to libinit2.o(.ARM.Collect$$libinit$$0000002A) for __rt_lib_init_alloca_1
    libinit.o(.ARM.Collect$$libinit$$00000000) refers (Special) to libinit2.o(.ARM.Collect$$libinit$$00000028) for __rt_lib_init_argv_1
    libinit.o(.ARM.Collect$$libinit$$00000000) refers (Special) to libinit2.o(.ARM.Collect$$libinit$$00000017) for __rt_lib_init_atexit_1
    libinit.o(.ARM.Collect$$libinit$$00000000) refers (Special) to libinit2.o(.ARM.Collect$$libinit$$0000001D) for __rt_lib_init_clock_1
    libinit.o(.ARM.Collect$$libinit$$00000000) refers (Special) to libinit2.o(.ARM.Collect$$libinit$$0000002E) for __rt_lib_init_cpp_1
    libinit.o(.ARM.Collect$$libinit$$00000000) refers (Special) to libinit2.o(.ARM.Collect$$libinit$$0000002C) for __rt_lib_init_exceptions_1
    libinit.o(.ARM.Collect$$libinit$$00000000) refers (Special) to libinit2.o(.ARM.Collect$$libinit$$0000001B) for __rt_lib_init_fp_trap_1
    libinit.o(.ARM.Collect$$libinit$$00000000) refers (Special) to libinit2.o(.ARM.Collect$$libinit$$0000001F) for __rt_lib_init_getenv_1
    libinit.o(.ARM.Collect$$libinit$$00000000) refers (Special) to libinit2.o(.ARM.Collect$$libinit$$00000006) for __rt_lib_init_heap_1
    libinit.o(.ARM.Collect$$libinit$$00000000) refers (Special) to libinit2.o(.ARM.Collect$$libinit$$0000000D) for __rt_lib_init_lc_collate_1
    libinit.o(.ARM.Collect$$libinit$$00000000) refers (Special) to libinit2.o(.ARM.Collect$$libinit$$0000000F) for __rt_lib_init_lc_ctype_1
    libinit.o(.ARM.Collect$$libinit$$00000000) refers (Special) to libinit2.o(.ARM.Collect$$libinit$$00000011) for __rt_lib_init_lc_monetary_1
    libinit.o(.ARM.Collect$$libinit$$00000000) refers (Special) to libinit2.o(.ARM.Collect$$libinit$$00000013) for __rt_lib_init_lc_numeric_1
    libinit.o(.ARM.Collect$$libinit$$00000000) refers (Special) to libinit2.o(.ARM.Collect$$libinit$$00000015) for __rt_lib_init_lc_time_1
    libinit.o(.ARM.Collect$$libinit$$00000000) refers (Special) to libinit2.o(.ARM.Collect$$libinit$$0000000A) for __rt_lib_init_rand_1
    libinit.o(.ARM.Collect$$libinit$$00000000) refers (Special) to libinit2.o(.ARM.Collect$$libinit$$0000002F) for __rt_lib_init_return
    libinit.o(.ARM.Collect$$libinit$$00000000) refers (Special) to libinit2.o(.ARM.Collect$$libinit$$00000019) for __rt_lib_init_signal_1
    libinit.o(.ARM.Collect$$libinit$$00000000) refers (Special) to libinit2.o(.ARM.Collect$$libinit$$00000021) for __rt_lib_init_stdio_1
    libinit.o(.ARM.Collect$$libinit$$00000000) refers (Special) to libinit2.o(.ARM.Collect$$libinit$$00000008) for __rt_lib_init_user_alloc_1
    libinit.o(.ARM.Collect$$libinit$$00000000) refers to fpinit.o(x$fpl$fpinit) for _fp_init
    libspace.o(.text) refers to libspace.o(.bss) for __libspace_start
    rtexit.o(.ARM.Collect$$rtexit$$00000000) refers (Special) to rtexit2.o(.ARM.Collect$$rtexit$$00000004) for __rt_exit_exit
    rtexit.o(.ARM.Collect$$rtexit$$00000000) refers (Special) to rtexit2.o(.ARM.Collect$$rtexit$$00000003) for __rt_exit_ls
    rtexit.o(.ARM.Collect$$rtexit$$00000000) refers (Special) to rtexit2.o(.ARM.Collect$$rtexit$$00000002) for __rt_exit_prels_1
    rtexit.o(.ARM.exidx) refers (Special) to rtexit2.o(.ARM.Collect$$rtexit$$00000004) for __rt_exit_exit
    rtexit.o(.ARM.exidx) refers (Special) to rtexit2.o(.ARM.Collect$$rtexit$$00000003) for __rt_exit_ls
    rtexit.o(.ARM.exidx) refers (Special) to rtexit2.o(.ARM.Collect$$rtexit$$00000002) for __rt_exit_prels_1
    rtexit.o(.ARM.exidx) refers to rtexit.o(.ARM.Collect$$rtexit$$00000000) for .ARM.Collect$$rtexit$$00000000
    rt_raise.o(.text) refers to __raise.o(.text) for __raise
    rt_raise.o(.text) refers to sys_exit.o(.text) for _sys_exit
    defsig_exit.o(.text) refers to sys_exit.o(.text) for _sys_exit
    defsig_fpe_inner.o(.text) refers to defsig_general.o(.text) for __default_signal_display
    libinit2.o(.ARM.Collect$$libinit$$0000000C) refers to libinit2.o(.ARM.Collect$$libinit$$0000000B) for .ARM.Collect$$libinit$$0000000B
    libinit2.o(.ARM.Collect$$libinit$$0000000E) refers to libinit2.o(.ARM.Collect$$libinit$$0000000B) for .ARM.Collect$$libinit$$0000000B
    libinit2.o(.ARM.Collect$$libinit$$00000010) refers to libinit2.o(.ARM.Collect$$libinit$$0000000B) for .ARM.Collect$$libinit$$0000000B
    libinit2.o(.ARM.Collect$$libinit$$00000012) refers to libinit2.o(.ARM.Collect$$libinit$$0000000B) for .ARM.Collect$$libinit$$0000000B
    libinit2.o(.ARM.Collect$$libinit$$00000014) refers to libinit2.o(.ARM.Collect$$libinit$$0000000B) for .ARM.Collect$$libinit$$0000000B
    libinit2.o(.ARM.Collect$$libinit$$00000022) refers to argv_veneer.o(.emb_text) for __ARM_argv_veneer
    libinit2.o(.ARM.Collect$$libinit$$00000023) refers to argv_veneer.o(.emb_text) for __ARM_argv_veneer
    fpinit.o(x$fpl$fpinit) refers to rt_fp_status_addr_intlibspace.o(.text) for __rt_fp_status_addr
    sys_exit.o(.text) refers to use_no_semi.o(.text) for __I$use$semihosting
    rtexit2.o(.ARM.Collect$$rtexit$$00000003) refers to libshutdown.o(.ARM.Collect$$libshutdown$$00000000) for __rt_lib_shutdown
    rtexit2.o(.ARM.Collect$$rtexit$$00000004) refers to sys_exit.o(.text) for _sys_exit
    rtexit2.o(.ARM.exidx) refers to rtexit2.o(.ARM.Collect$$rtexit$$00000001) for .ARM.Collect$$rtexit$$00000001
    rtexit2.o(.ARM.exidx) refers to rtexit2.o(.ARM.Collect$$rtexit$$00000002) for .ARM.Collect$$rtexit$$00000002
    rtexit2.o(.ARM.exidx) refers to rtexit2.o(.ARM.Collect$$rtexit$$00000003) for .ARM.Collect$$rtexit$$00000003
    rtexit2.o(.ARM.exidx) refers to rtexit2.o(.ARM.Collect$$rtexit$$00000004) for .ARM.Collect$$rtexit$$00000004
    rt_fp_status_addr.o(.text) refers to rt_fp_status_addr.o(.bss) for __rt_fp_status_addr_data
    rt_fp_status_addr_intlibspace.o(.text) refers to libspace.o(.bss) for __libspace_start
    __raise.o(.text) refers to defsig.o(CL$$defsig) for __default_signal_handler
    __raise.o(.text) refers to __raise.o(i.__ARM_common_call_via_r2) for __ARM_common_call_via_r2
    defsig_general.o(.text) refers to sys_wrch.o(.text) for _ttywrch
    argv_veneer.o(.emb_text) refers to no_argv.o(.text) for __ARM_get_argv
    sys_wrch.o(.text) refers (Special) to use_no_semi.o(.text) for __I$use$semihosting
    defsig.o(CL$$defsig) refers to defsig_fpe_inner.o(.text) for __rt_SIGFPE_inner
    defsig.o(CL$$defsig) refers to defsig_rtmem_inner.o(.text) for __rt_SIGRTMEM_inner
    _get_argv_nomalloc.o(.text) refers (Special) to hrguard.o(.text) for __heap_region$guard
    _get_argv_nomalloc.o(.text) refers to defsig_rtmem_outer.o(.text) for __rt_SIGRTMEM
    _get_argv_nomalloc.o(.text) refers to sys_command.o(.text) for _sys_command_string
    libshutdown.o(.ARM.Collect$$libshutdown$$00000000) refers (Special) to libshutdown2.o(.ARM.Collect$$libshutdown$$00000006) for __rt_lib_shutdown_fp_trap_1
    libshutdown.o(.ARM.Collect$$libshutdown$$00000000) refers (Special) to libshutdown2.o(.ARM.Collect$$libshutdown$$0000000E) for __rt_lib_shutdown_heap_1
    libshutdown.o(.ARM.Collect$$libshutdown$$00000000) refers (Special) to libshutdown2.o(.ARM.Collect$$libshutdown$$0000000F) for __rt_lib_shutdown_return
    libshutdown.o(.ARM.Collect$$libshutdown$$00000000) refers (Special) to libshutdown2.o(.ARM.Collect$$libshutdown$$00000009) for __rt_lib_shutdown_signal_1
    libshutdown.o(.ARM.Collect$$libshutdown$$00000000) refers (Special) to libshutdown2.o(.ARM.Collect$$libshutdown$$00000003) for __rt_lib_shutdown_stdio_1
    libshutdown.o(.ARM.Collect$$libshutdown$$00000000) refers (Special) to libshutdown2.o(.ARM.Collect$$libshutdown$$0000000B) for __rt_lib_shutdown_user_alloc_1
    sys_command.o(.text) refers (Special) to use_no_semi.o(.text) for __I$use$semihosting
    defsig_abrt_inner.o(.text) refers to defsig_general.o(.text) for __default_signal_display
    defsig_rtred_inner.o(.text) refers to defsig_general.o(.text) for __default_signal_display
    defsig_rtmem_inner.o(.text) refers to defsig_general.o(.text) for __default_signal_display
    defsig_rtmem_outer.o(.text) refers to defsig_rtmem_inner.o(.text) for __rt_SIGRTMEM_inner
    defsig_rtmem_outer.o(.text) refers to defsig_exit.o(.text) for __sig_exit
    defsig_rtmem_formal.o(.text) refers to rt_raise.o(.text) for __rt_raise
    defsig_stak_inner.o(.text) refers to defsig_general.o(.text) for __default_signal_display
    defsig_pvfn_inner.o(.text) refers to defsig_general.o(.text) for __default_signal_display
    defsig_cppl_inner.o(.text) refers to defsig_general.o(.text) for __default_signal_display
    defsig_segv_inner.o(.text) refers to defsig_general.o(.text) for __default_signal_display
    defsig_other.o(.text) refers to defsig_general.o(.text) for __default_signal_display


==============================================================================

Removing Unused input sections from the image.

    Removing main.o(.constdata), (512 bytes).
    Removing time.o(.constdata), (512 bytes).
    Removing uart1.o(.constdata), (512 bytes).
    Removing uart2.o(.text), (3468 bytes).
    Removing uart2.o(.bss), (326 bytes).
    Removing uart2.o(.constdata), (512 bytes).
    Removing uart3.o(.text), (2336 bytes).
    Removing uart3.o(.bss), (120 bytes).
    Removing uart3.o(.constdata), (512 bytes).
    Removing iocontrol.o(.constdata), (512 bytes).
    Removing keydatatosend.o(.constdata), (512 bytes).

11 unused section(s) (total 9834 bytes) removed from the image.

==============================================================================

Adding Veneers to the image

    Adding AT veneer (8 bytes, Inline) for call to '__rt_lib_init' from rtentry2.o(.ARM.Collect$$rtentry$$0000000A).
    Adding AT veneer (8 bytes, Inline) for call to '__rt_lib_shutdown' from rtexit2.o(.ARM.Collect$$rtexit$$00000003).
    Adding TA veneer (4 bytes, Inline) for call to '__rt_exit' from exit.o(.text).
    Adding TA veneer (4 bytes, Inline) for call to '_fp_init' from libinit.o(.ARM.Collect$$libinit$$00000000).

4 Veneer(s) (total 24 bytes) added to the image.

==============================================================================

Image Symbol Table

    Local Symbols

    Symbol Name                              Value     Ov Type        Size  Object(Section)

    RESET                                    0x00000000   Section      844  lpc2400.o(RESET)
    ../../angel/boardlib.s                   0x00000000   Number         0  boardshut.o ABSOLUTE
    ../../angel/boardlib.s                   0x00000000   Number         0  boardinit3.o ABSOLUTE
    ../../angel/boardlib.s                   0x00000000   Number         0  boardinit2.o ABSOLUTE
    ../../angel/boardlib.s                   0x00000000   Number         0  boardinit1.o ABSOLUTE
    ../../angel/handlers.s                   0x00000000   Number         0  __scatter_copy.o ABSOLUTE
    ../../angel/handlers.s                   0x00000000   Number         0  __scatter_zi.o ABSOLUTE
    ../../angel/kernel.s                     0x00000000   Number         0  rtentry4.o ABSOLUTE
    ../../angel/kernel.s                     0x00000000   Number         0  rtentry2.o ABSOLUTE
    ../../angel/kernel.s                     0x00000000   Number         0  rtexit.o ABSOLUTE
    ../../angel/kernel.s                     0x00000000   Number         0  rtentry.o ABSOLUTE
    ../../angel/kernel.s                     0x00000000   Number         0  rtexit2.o ABSOLUTE
    ../../angel/rt.s                         0x00000000   Number         0  aeabi_idiv0_sigfpe.o ABSOLUTE
    ../../angel/rt.s                         0x00000000   Number         0  aeabi_idiv0.o ABSOLUTE
    ../../angel/rt.s                         0x00000000   Number         0  rt_fp_status_addr.o ABSOLUTE
    ../../angel/rt.s                         0x00000000   Number         0  rt_div0.o ABSOLUTE
    ../../angel/rt.s                         0x00000000   Number         0  rt_raise.o ABSOLUTE
    ../../angel/rt.s                         0x00000000   Number         0  rt_fp_status_addr_intlibspace.o ABSOLUTE
    ../../angel/scatter.s                    0x00000000   Number         0  __scatter.o ABSOLUTE
    ../../angel/startup.s                    0x00000000   Number         0  __main.o ABSOLUTE
    ../../angel/sys.s                        0x00000000   Number         0  use_no_semi.o ABSOLUTE
    ../../angel/sys.s                        0x00000000   Number         0  sys_stackheap_outer.o ABSOLUTE
    ../../angel/sys.s                        0x00000000   Number         0  sys_exit.o ABSOLUTE
    ../../angel/sys.s                        0x00000000   Number         0  libspace.o ABSOLUTE
    ../../angel/sysapp.c                     0x00000000   Number         0  sys_wrch.o ABSOLUTE
    ../../angel/sysapp.c                     0x00000000   Number         0  sys_command.o ABSOLUTE
    ../../armsys.c                           0x00000000   Number         0  argv_veneer.o ABSOLUTE
    ../../armsys.c                           0x00000000   Number         0  no_argv.o ABSOLUTE
    ../../armsys.c                           0x00000000   Number         0  _get_argv_nomalloc.o ABSOLUTE
    ../../armsys.c                           0x00000000   Number         0  argv_veneer.o ABSOLUTE
    ../../division.s                         0x00000000   Number         0  aeabi_sdiv.o ABSOLUTE
    ../../division.s                         0x00000000   Number         0  aeabi_sdiv_div0.o ABSOLUTE
    ../../divrt.s                            0x00000000   Number         0  divrt_7tdmi_div0.o ABSOLUTE
    ../../divrt.s                            0x00000000   Number         0  divrt_7tdmi.o ABSOLUTE
    ../../fpinit.s                           0x00000000   Number         0  fpinit.o ABSOLUTE
    ../../heapalloc.c                        0x00000000   Number         0  hrguard.o ABSOLUTE
    ../../heapaux.c                          0x00000000   Number         0  heapauxi.o ABSOLUTE
    ../../libinit.s                          0x00000000   Number         0  libinit.o ABSOLUTE
    ../../libinit.s                          0x00000000   Number         0  libshutdown2.o ABSOLUTE
    ../../libinit.s                          0x00000000   Number         0  libinit2.o ABSOLUTE
    ../../libinit.s                          0x00000000   Number         0  libshutdown.o ABSOLUTE
    ../../signal.c                           0x00000000   Number         0  defsig_stak_inner.o ABSOLUTE
    ../../signal.c                           0x00000000   Number         0  defsig_rtmem_formal.o ABSOLUTE
    ../../signal.c                           0x00000000   Number         0  defsig_other.o ABSOLUTE
    ../../signal.c                           0x00000000   Number         0  defsig_fpe_inner.o ABSOLUTE
    ../../signal.c                           0x00000000   Number         0  defsig_rtmem_outer.o ABSOLUTE
    ../../signal.c                           0x00000000   Number         0  defsig_exit.o ABSOLUTE
    ../../signal.c                           0x00000000   Number         0  defsig_pvfn_inner.o ABSOLUTE
    ../../signal.c                           0x00000000   Number         0  defsig_general.o ABSOLUTE
    ../../signal.c                           0x00000000   Number         0  __raise.o ABSOLUTE
    ../../signal.c                           0x00000000   Number         0  defsig_cppl_inner.o ABSOLUTE
    ../../signal.c                           0x00000000   Number         0  defsig_segv_inner.o ABSOLUTE
    ../../signal.c                           0x00000000   Number         0  defsig_fpe_outer.o ABSOLUTE
    ../../signal.c                           0x00000000   Number         0  defsig_fpe_formal.o ABSOLUTE
    ../../signal.c                           0x00000000   Number         0  defsig_abrt_inner.o ABSOLUTE
    ../../signal.c                           0x00000000   Number         0  defsig_rtred_inner.o ABSOLUTE
    ../../signal.c                           0x00000000   Number         0  defsig_rtmem_inner.o ABSOLUTE
    ../../signal.s                           0x00000000   Number         0  defsig.o ABSOLUTE
    ../../stdlib.c                           0x00000000   Number         0  exit.o ABSOLUTE
    IOcontrol.c                              0x00000000   Number         0  iocontrol.o ABSOLUTE
    KeyDataToSend.c                          0x00000000   Number         0  keydatatosend.o ABSOLUTE
    LPC2400.s                                0x00000000   Number         0  lpc2400.o ABSOLUTE
    dc.s                                     0x00000000   Number         0  dc.o ABSOLUTE
    main.c                                   0x00000000   Number         0  main.o ABSOLUTE
    time.c                                   0x00000000   Number         0  time.o ABSOLUTE
    uart0.c                                  0x00000000   Number         0  uart0.o ABSOLUTE
    uart1.c                                  0x00000000   Number         0  uart1.o ABSOLUTE
    uart2.c                                  0x00000000   Number         0  uart2.o ABSOLUTE
    uart3.c                                  0x00000000   Number         0  uart3.o ABSOLUTE
    Undef_Handler                            0x00000040   ARM Code       4  lpc2400.o(RESET)
    SWI_Handler                              0x00000044   ARM Code       4  lpc2400.o(RESET)
    PAbt_Handler                             0x00000048   ARM Code       4  lpc2400.o(RESET)
    DAbt_Handler                             0x0000004c   ARM Code       4  lpc2400.o(RESET)
    IRQ_Handler                              0x00000050   ARM Code       4  lpc2400.o(RESET)
    FIQ_Handler                              0x00000054   ARM Code       4  lpc2400.o(RESET)
    !!!main                                  0x0000034c   Section        8  __main.o(!!!main)
    !!!scatter                               0x00000354   Section       60  __scatter.o(!!!scatter)
    !!handler_copy                           0x00000390   Section       40  __scatter_copy.o(!!handler_copy)
    !!handler_zi                             0x000003b8   Section       44  __scatter_zi.o(!!handler_zi)
    .ARM.Collect$$libinit$$00000000          0x000003ec   Section        6  libinit.o(.ARM.Collect$$libinit$$00000000)
    .ARM.Collect$$libinit$$00000006          0x000003f2   Section        0  libinit2.o(.ARM.Collect$$libinit$$00000006)
    .ARM.Collect$$libinit$$00000008          0x000003f2   Section        0  libinit2.o(.ARM.Collect$$libinit$$00000008)
    .ARM.Collect$$libinit$$0000000A          0x000003f2   Section        0  libinit2.o(.ARM.Collect$$libinit$$0000000A)
    .ARM.Collect$$libinit$$0000000D          0x000003f2   Section        0  libinit2.o(.ARM.Collect$$libinit$$0000000D)
    .ARM.Collect$$libinit$$0000000F          0x000003f2   Section        0  libinit2.o(.ARM.Collect$$libinit$$0000000F)
    .ARM.Collect$$libinit$$00000011          0x000003f2   Section        0  libinit2.o(.ARM.Collect$$libinit$$00000011)
    .ARM.Collect$$libinit$$00000013          0x000003f2   Section        0  libinit2.o(.ARM.Collect$$libinit$$00000013)
    .ARM.Collect$$libinit$$00000015          0x000003f2   Section        0  libinit2.o(.ARM.Collect$$libinit$$00000015)
    .ARM.Collect$$libinit$$00000017          0x000003f2   Section        0  libinit2.o(.ARM.Collect$$libinit$$00000017)
    .ARM.Collect$$libinit$$00000019          0x000003f2   Section        0  libinit2.o(.ARM.Collect$$libinit$$00000019)
    .ARM.Collect$$libinit$$0000001B          0x000003f2   Section        0  libinit2.o(.ARM.Collect$$libinit$$0000001B)
    .ARM.Collect$$libinit$$0000001D          0x000003f2   Section        0  libinit2.o(.ARM.Collect$$libinit$$0000001D)
    .ARM.Collect$$libinit$$0000001F          0x000003f2   Section        0  libinit2.o(.ARM.Collect$$libinit$$0000001F)
    .ARM.Collect$$libinit$$00000021          0x000003f2   Section        0  libinit2.o(.ARM.Collect$$libinit$$00000021)
    .ARM.Collect$$libinit$$00000028          0x000003f2   Section        0  libinit2.o(.ARM.Collect$$libinit$$00000028)
    .ARM.Collect$$libinit$$0000002A          0x000003f2   Section        0  libinit2.o(.ARM.Collect$$libinit$$0000002A)
    .ARM.Collect$$libinit$$0000002C          0x000003f2   Section        0  libinit2.o(.ARM.Collect$$libinit$$0000002C)
    .ARM.Collect$$libinit$$0000002E          0x000003f2   Section        0  libinit2.o(.ARM.Collect$$libinit$$0000002E)
    .ARM.Collect$$libinit$$0000002F          0x000003f2   Section       12  libinit2.o(.ARM.Collect$$libinit$$0000002F)
    .ARM.Collect$$libshutdown$$00000000      0x00000408   Section        4  libshutdown.o(.ARM.Collect$$libshutdown$$00000000)
    .ARM.Collect$$libshutdown$$00000003      0x0000040c   Section        0  libshutdown2.o(.ARM.Collect$$libshutdown$$00000003)
    .ARM.Collect$$libshutdown$$00000006      0x0000040c   Section        0  libshutdown2.o(.ARM.Collect$$libshutdown$$00000006)
    .ARM.Collect$$libshutdown$$00000009      0x0000040c   Section        0  libshutdown2.o(.ARM.Collect$$libshutdown$$00000009)
    .ARM.Collect$$libshutdown$$0000000B      0x0000040c   Section        0  libshutdown2.o(.ARM.Collect$$libshutdown$$0000000B)
    .ARM.Collect$$libshutdown$$0000000E      0x0000040c   Section        0  libshutdown2.o(.ARM.Collect$$libshutdown$$0000000E)
    .ARM.Collect$$libshutdown$$0000000F      0x0000040c   Section        6  libshutdown2.o(.ARM.Collect$$libshutdown$$0000000F)
    .ARM.Collect$$rtentry$$00000000          0x00000414   Section        0  rtentry.o(.ARM.Collect$$rtentry$$00000000)
    .ARM.Collect$$rtentry$$00000002          0x00000414   Section        0  rtentry2.o(.ARM.Collect$$rtentry$$00000002)
    .ARM.Collect$$rtentry$$00000004          0x00000414   Section        8  rtentry4.o(.ARM.Collect$$rtentry$$00000004)
    .ARM.Collect$$rtentry$$00000009          0x0000041c   Section        0  rtentry2.o(.ARM.Collect$$rtentry$$00000009)
    .ARM.Collect$$rtentry$$0000000A          0x0000041c   Section        4  rtentry2.o(.ARM.Collect$$rtentry$$0000000A)
    .ARM.Collect$$rtentry$$0000000C          0x00000420   Section        0  rtentry2.o(.ARM.Collect$$rtentry$$0000000C)
    .ARM.Collect$$rtentry$$0000000D          0x00000420   Section       40  rtentry2.o(.ARM.Collect$$rtentry$$0000000D)
    .ARM.Collect$$rtexit$$00000000           0x0000044c   Section        4  rtexit.o(.ARM.Collect$$rtexit$$00000000)
    .ARM.Collect$$rtexit$$00000002           0x00000450   Section        0  rtexit2.o(.ARM.Collect$$rtexit$$00000002)
    .ARM.Collect$$rtexit$$00000003           0x00000450   Section        4  rtexit2.o(.ARM.Collect$$rtexit$$00000003)
    .ARM.Collect$$rtexit$$00000004           0x00000454   Section        8  rtexit2.o(.ARM.Collect$$rtexit$$00000004)
    .text                                    0x0000045c   Section       36  lpc2400.o(.text)
    .text                                    0x00000480   Section        0  main.o(.text)
    .text                                    0x00000720   Section        0  time.o(.text)
    .text                                    0x000009e0   Section        0  uart0.o(.text)
    .text                                    0x00001ad0   Section        0  uart1.o(.text)
    .text                                    0x0000269c   Section        0  iocontrol.o(.text)
    .text                                    0x00002b48   Section        0  keydatatosend.o(.text)
    .text                                    0x00005fe4   Section      384  aeabi_sdiv.o(.text)
    __arm_div8                               0x00006010   ARM Code       0  aeabi_sdiv.o(.text)
    __arm_div4                               0x00006040   ARM Code       0  aeabi_sdiv.o(.text)
    __arm_div_large                          0x00006094   ARM Code       0  aeabi_sdiv.o(.text)
    .text                                    0x00006164   Section        0  heapauxi.o(.text)
    .text                                    0x0000616c   Section       96  sys_stackheap_outer.o(.text)
    .text                                    0x000061cc   Section        0  exit.o(.text)
    .text                                    0x000061d8   Section       12  libspace.o(.text)
    .text                                    0x000061e4   Section       24  sys_exit.o(.text)
    .text                                    0x000061fc   Section       16  rt_fp_status_addr_intlibspace.o(.text)
    .text                                    0x0000620c   Section        4  use_no_semi.o(.text)
    x$fpl$fpinit                             0x00006214   Section       24  fpinit.o(x$fpl$fpinit)
    .constdata                               0x0000622c   Section      512  uart0.o(.constdata)
    auchCRCHi                                0x0000622c   Data         256  uart0.o(.constdata)
    auchCRCLo                                0x0000632c   Data         256  uart0.o(.constdata)
    .data                                    0x40000000   Section       14  main.o(.data)
    .data                                    0x4000000e   Section       14  time.o(.data)
    .data                                    0x4000001c   Section       57  uart0.o(.data)
    .data                                    0x40000056   Section       36  uart1.o(.data)
    .data                                    0x4000007a   Section       40  uart2.o(.data)
    .data                                    0x400000a2   Section       31  uart3.o(.data)
    .data                                    0x400000c2   Section       46  keydatatosend.o(.data)
    .bss                                     0x400000f0   Section      850  uart0.o(.bss)
    .bss                                     0x40000442   Section      216  uart1.o(.bss)
    .bss                                     0x4000051a   Section     1070  keydatatosend.o(.bss)
    .bss                                     0x40000948   Section       96  libspace.o(.bss)
    HEAP                                     0x400009a8   Section     4096  lpc2400.o(HEAP)
    Heap_Mem                                 0x400009a8   Data        4096  lpc2400.o(HEAP)
    STACK                                    0x400019a8   Section     1288  lpc2400.o(STACK)
    Stack_Mem                                0x400019a8   Data        1024  lpc2400.o(STACK)
    Stack_Top                                0x40001eb0   Data           0  lpc2400.o(STACK)

    Global Symbols

    Symbol Name                              Value     Ov Type        Size  Object(Section)

    BuildAttributes$$THM_ISAv1$ARM_ISAv4$S$PE$A:L22$X:L11$S22$IEEE1$IW$USESV6$~STKCKD$USESV7$~SHL$OSPACE$ROPI$EBA8$UX$STANDARDLIB$REQ8$PRES8$EABIv2 0x00000000   Number         0  anon$$obj.o ABSOLUTE
    __ARM_use_no_argv                        0x00000000   Number         0  main.o ABSOLUTE
    __ARM_exceptions_init                     - Undefined Weak Reference
    __alloca_initialize                       - Undefined Weak Reference
    __cpp_initialize__aeabi_                  - Undefined Weak Reference
    __cxa_finalize                            - Undefined Weak Reference
    __rt_locale                               - Undefined Weak Reference
    __sigvec_lookup                           - Undefined Weak Reference
    _atexit_init                              - Undefined Weak Reference
    _call_atexit_fns                          - Undefined Weak Reference
    _clock_init                               - Undefined Weak Reference
    _fp_trap_init                             - Undefined Weak Reference
    _fp_trap_shutdown                         - Undefined Weak Reference
    _get_lc_collate                           - Undefined Weak Reference
    _get_lc_ctype                             - Undefined Weak Reference
    _get_lc_monetary                          - Undefined Weak Reference
    _get_lc_numeric                           - Undefined Weak Reference
    _get_lc_time                              - Undefined Weak Reference
    _getenv_init                              - Undefined Weak Reference
    _handle_redirection                       - Undefined Weak Reference
    _init_alloc                               - Undefined Weak Reference
    _init_user_alloc                          - Undefined Weak Reference
    _initio                                   - Undefined Weak Reference
    _rand_init                                - Undefined Weak Reference
    _signal_finish                            - Undefined Weak Reference
    _signal_init                              - Undefined Weak Reference
    _terminate_alloc                          - Undefined Weak Reference
    _terminate_user_alloc                     - Undefined Weak Reference
    _terminateio                              - Undefined Weak Reference
    Reset_Handler                            0x00000058   ARM Code       0  lpc2400.o(RESET)
    __main                                   0x0000034c   ARM Code       8  __main.o(!!!main)
    __scatterload                            0x00000354   ARM Code       0  __scatter.o(!!!scatter)
    __scatterload_rt2                        0x00000354   ARM Code      52  __scatter.o(!!!scatter)
    __scatterload_null                       0x00000368   ARM Code       0  __scatter.o(!!!scatter)
    __scatterload_copy                       0x00000390   ARM Code      40  __scatter_copy.o(!!handler_copy)
    __scatterload_zeroinit                   0x000003b8   ARM Code      44  __scatter_zi.o(!!handler_zi)
    Inline ARM to Thumb Veneer to __rt_lib_init 0x000003e4   ARM Code       8  libinit.o(.ARM.Collect$$libinit$$00000000)
    __rt_lib_init                            0x000003ed   Thumb Code     0  libinit.o(.ARM.Collect$$libinit$$00000000)
    __rt_lib_init_alloca_1                   0x000003f3   Thumb Code     0  libinit2.o(.ARM.Collect$$libinit$$0000002A)
    __rt_lib_init_argv_1                     0x000003f3   Thumb Code     0  libinit2.o(.ARM.Collect$$libinit$$00000028)
    __rt_lib_init_atexit_1                   0x000003f3   Thumb Code     0  libinit2.o(.ARM.Collect$$libinit$$00000017)
    __rt_lib_init_clock_1                    0x000003f3   Thumb Code     0  libinit2.o(.ARM.Collect$$libinit$$0000001D)
    __rt_lib_init_cpp_1                      0x000003f3   Thumb Code     0  libinit2.o(.ARM.Collect$$libinit$$0000002E)
    __rt_lib_init_exceptions_1               0x000003f3   Thumb Code     0  libinit2.o(.ARM.Collect$$libinit$$0000002C)
    __rt_lib_init_fp_trap_1                  0x000003f3   Thumb Code     0  libinit2.o(.ARM.Collect$$libinit$$0000001B)
    __rt_lib_init_getenv_1                   0x000003f3   Thumb Code     0  libinit2.o(.ARM.Collect$$libinit$$0000001F)
    __rt_lib_init_heap_1                     0x000003f3   Thumb Code     0  libinit2.o(.ARM.Collect$$libinit$$00000006)
    __rt_lib_init_lc_collate_1               0x000003f3   Thumb Code     0  libinit2.o(.ARM.Collect$$libinit$$0000000D)
    __rt_lib_init_lc_ctype_1                 0x000003f3   Thumb Code     0  libinit2.o(.ARM.Collect$$libinit$$0000000F)
    __rt_lib_init_lc_monetary_1              0x000003f3   Thumb Code     0  libinit2.o(.ARM.Collect$$libinit$$00000011)
    __rt_lib_init_lc_numeric_1               0x000003f3   Thumb Code     0  libinit2.o(.ARM.Collect$$libinit$$00000013)
    __rt_lib_init_lc_time_1                  0x000003f3   Thumb Code     0  libinit2.o(.ARM.Collect$$libinit$$00000015)
    __rt_lib_init_rand_1                     0x000003f3   Thumb Code     0  libinit2.o(.ARM.Collect$$libinit$$0000000A)
    __rt_lib_init_return                     0x000003f3   Thumb Code     0  libinit2.o(.ARM.Collect$$libinit$$0000002F)
    __rt_lib_init_signal_1                   0x000003f3   Thumb Code     0  libinit2.o(.ARM.Collect$$libinit$$00000019)
    __rt_lib_init_stdio_1                    0x000003f3   Thumb Code     0  libinit2.o(.ARM.Collect$$libinit$$00000021)
    __rt_lib_init_user_alloc_1               0x000003f3   Thumb Code     0  libinit2.o(.ARM.Collect$$libinit$$00000008)
    Inline ARM to Thumb Veneer to __rt_lib_shutdown 0x00000400   ARM Code       8  libshutdown.o(.ARM.Collect$$libshutdown$$00000000)
    __rt_lib_shutdown                        0x00000409   Thumb Code     0  libshutdown.o(.ARM.Collect$$libshutdown$$00000000)
    __rt_lib_shutdown_fp_trap_1              0x0000040d   Thumb Code     0  libshutdown2.o(.ARM.Collect$$libshutdown$$00000006)
    __rt_lib_shutdown_heap_1                 0x0000040d   Thumb Code     0  libshutdown2.o(.ARM.Collect$$libshutdown$$0000000E)
    __rt_lib_shutdown_return                 0x0000040d   Thumb Code     0  libshutdown2.o(.ARM.Collect$$libshutdown$$0000000F)
    __rt_lib_shutdown_signal_1               0x0000040d   Thumb Code     0  libshutdown2.o(.ARM.Collect$$libshutdown$$00000009)
    __rt_lib_shutdown_stdio_1                0x0000040d   Thumb Code     0  libshutdown2.o(.ARM.Collect$$libshutdown$$00000003)
    __rt_lib_shutdown_user_alloc_1           0x0000040d   Thumb Code     0  libshutdown2.o(.ARM.Collect$$libshutdown$$0000000B)
    __rt_entry                               0x00000414   ARM Code       0  rtentry.o(.ARM.Collect$$rtentry$$00000000)
    __rt_entry_presh_1                       0x00000414   ARM Code       0  rtentry2.o(.ARM.Collect$$rtentry$$00000002)
    __rt_entry_sh                            0x00000414   ARM Code       0  rtentry4.o(.ARM.Collect$$rtentry$$00000004)
    __rt_entry_li                            0x0000041c   ARM Code       0  rtentry2.o(.ARM.Collect$$rtentry$$0000000A)
    __rt_entry_postsh_1                      0x0000041c   ARM Code       0  rtentry2.o(.ARM.Collect$$rtentry$$00000009)
    __rt_entry_main                          0x00000420   ARM Code       0  rtentry2.o(.ARM.Collect$$rtentry$$0000000D)
    __rt_entry_postli_1                      0x00000420   ARM Code       0  rtentry2.o(.ARM.Collect$$rtentry$$0000000C)
    Inline Thumb to ARM Veneer to __rt_exit  0x00000449   Thumb Code     4  rtexit.o(.ARM.Collect$$rtexit$$00000000)
    __rt_exit                                0x0000044c   ARM Code       0  rtexit.o(.ARM.Collect$$rtexit$$00000000)
    __rt_exit_ls                             0x00000450   ARM Code       0  rtexit2.o(.ARM.Collect$$rtexit$$00000003)
    __rt_exit_prels_1                        0x00000450   ARM Code       0  rtexit2.o(.ARM.Collect$$rtexit$$00000002)
    __rt_exit_exit                           0x00000454   ARM Code       0  rtexit2.o(.ARM.Collect$$rtexit$$00000004)
    __user_initial_stackheap                 0x0000045c   ARM Code       0  lpc2400.o(.text)
    TxEN_Init                                0x00000480   ARM Code      76  main.o(.text)
    IniWDT                                   0x000004cc   ARM Code      32  main.o(.text)
    FeedWDT                                  0x000004ec   ARM Code      24  main.o(.text)
    delay                                    0x00000504   ARM Code      44  main.o(.text)
    main                                     0x00000530   ARM Code     472  main.o(.text)
    reverse_light                            0x00000720   ARM Code      84  time.o(.text)
    IRQ_Time0                                0x00000774   ARM Code      72  time.o(.text)
    IRQ_Timer1                               0x000007bc   ARM Code     240  time.o(.text)
    Time0Init                                0x000008ac   ARM Code     140  time.o(.text)
    Timer1_Init                              0x00000938   ARM Code     116  time.o(.text)
    DelayNS                                  0x000009e0   ARM Code      44  uart0.o(.text)
    IRQ_UART0                                0x00000a0c   ARM Code     264  uart0.o(.text)
    UART0_Ini                                0x00000b14   ARM Code     176  uart0.o(.text)
    UART0_IniByBuad                          0x00000bc4   ARM Code     188  uart0.o(.text)
    CRC16                                    0x00000c80   ARM Code      92  uart0.o(.text)
    Tx0_EN                                   0x00000cdc   ARM Code     100  uart0.o(.text)
    Tx1_EN                                   0x00000d40   ARM Code     100  uart0.o(.text)
    Tx2_EN                                   0x00000da4   ARM Code     100  uart0.o(.text)
    Tx3_EN                                   0x00000e08   ARM Code     116  uart0.o(.text)
    T1_CheckSendHold                         0x00000e7c   ARM Code     112  uart0.o(.text)
    Load_sendBuffer                          0x00000eec   ARM Code     116  uart0.o(.text)
    T0_check                                 0x00000f60   ARM Code    1092  uart0.o(.text)
    ReFreshBuff                              0x000013a4   ARM Code      56  uart0.o(.text)
    T0_recCheck                              0x000013dc   ARM Code     872  uart0.o(.text)
    UART0_SendData                           0x00001744   ARM Code     876  uart0.o(.text)
    QueryTheAddress                          0x00001ab0   ARM Code      32  uart0.o(.text)
    IRQ_UART1                                0x00001ad0   ARM Code     272  uart1.o(.text)
    UART1_Ini                                0x00001be0   ARM Code     192  uart1.o(.text)
    T1_check                                 0x00001ca0   ARM Code     816  uart1.o(.text)
    T1_recCheck                              0x00001fd0   ARM Code     912  uart1.o(.text)
    LoadT1ReadHeartBuff                      0x00002360   ARM Code     124  uart1.o(.text)
    LoadT1WriteHeartBuff                     0x000023dc   ARM Code     160  uart1.o(.text)
    LoadT1SendDataBuff                       0x0000247c   ARM Code     304  uart1.o(.text)
    UART1_SendData                           0x000025ac   ARM Code     120  uart1.o(.text)
    IOinit                                   0x0000269c   ARM Code     188  iocontrol.o(.text)
    KS8_DelayOn                              0x00002758   ARM Code      56  iocontrol.o(.text)
    KS7_DelayOn                              0x00002790   ARM Code      56  iocontrol.o(.text)
    KS6_DelayOn                              0x000027c8   ARM Code      56  iocontrol.o(.text)
    KS5_DelayOn                              0x00002800   ARM Code      56  iocontrol.o(.text)
    KS4_DelayOn                              0x00002838   ARM Code      56  iocontrol.o(.text)
    KS3_DelayOn                              0x00002870   ARM Code      56  iocontrol.o(.text)
    KS2_DelayOn                              0x000028a8   ARM Code      56  iocontrol.o(.text)
    KS1_DelayOn                              0x000028e0   ARM Code      56  iocontrol.o(.text)
    checkWriteCMD                            0x00002918   ARM Code     176  iocontrol.o(.text)
    CheckIOpin                               0x000029c8   ARM Code     300  iocontrol.o(.text)
    refreshWriteBuff                         0x00002af4   ARM Code      60  iocontrol.o(.text)
    UpdateNewJOSdata                         0x00002b48   ARM Code     112  keydatatosend.o(.text)
    UpdateNewLLdata                          0x00002bb8   ARM Code     252  keydatatosend.o(.text)
    UpdateOldLLdata                          0x00002cb4   ARM Code      16  keydatatosend.o(.text)
    UpdateOldJOSdata                         0x00002cc4   ARM Code       4  keydatatosend.o(.text)
    changeBit                                0x00002cc8   ARM Code     112  keydatatosend.o(.text)
    RchangeBit                               0x00002d38   ARM Code     112  keydatatosend.o(.text)
    XianDaoSetnew                            0x00002da8   ARM Code     108  keydatatosend.o(.text)
    XianDaoSet                               0x00002e14   ARM Code     188  keydatatosend.o(.text)
    LoadLL1DatatoSendtoJOS2                  0x00002ed0   ARM Code    4508  keydatatosend.o(.text)
    LoadLL2DatatoSendtoJOS2                  0x0000406c   ARM Code    2960  keydatatosend.o(.text)
    LoadLL3DatatoSendtoJOS2                  0x00004bfc   ARM Code    5064  keydatatosend.o(.text)
    __aeabi_idiv                             0x00005fe4   ARM Code       0  aeabi_sdiv.o(.text)
    __aeabi_idivmod                          0x00005fe4   ARM Code     384  aeabi_sdiv.o(.text)
    __use_two_region_memory                  0x00006165   Thumb Code     2  heapauxi.o(.text)
    __rt_heap_escrow$2region                 0x00006167   Thumb Code     2  heapauxi.o(.text)
    __rt_heap_expand$2region                 0x00006169   Thumb Code     2  heapauxi.o(.text)
    __user_setup_stackheap                   0x0000616c   ARM Code      96  sys_stackheap_outer.o(.text)
    exit                                     0x000061cd   Thumb Code    12  exit.o(.text)
    __user_libspace                          0x000061d8   ARM Code      12  libspace.o(.text)
    __user_perproc_libspace                  0x000061d8   ARM Code       0  libspace.o(.text)
    __user_perthread_libspace                0x000061d8   ARM Code       0  libspace.o(.text)
    _sys_exit                                0x000061e4   ARM Code      20  sys_exit.o(.text)
    __rt_fp_status_addr                      0x000061fc   ARM Code      16  rt_fp_status_addr_intlibspace.o(.text)
    __I$use$semihosting                      0x0000620c   ARM Code       0  use_no_semi.o(.text)
    __use_no_semihosting_swi                 0x0000620c   ARM Code       4  use_no_semi.o(.text)
    Inline Thumb to ARM Veneer to _fp_init   0x00006211   Thumb Code     4  fpinit.o(x$fpl$fpinit)
    _fp_init                                 0x00006214   ARM Code      24  fpinit.o(x$fpl$fpinit)
    __fplib_config_pureend_doubles           0x00006224   ARM Code       0  fpinit.o(x$fpl$fpinit)
    Region$$Table$$Base                      0x0000642c   Number         0  anon$$obj.o(Region$$Table)
    Region$$Table$$Limit                     0x0000644c   Number         0  anon$$obj.o(Region$$Table)
    tBuff                                    0x40000000   Data           6  main.o(.data)
    testff                                   0x40000006   Data           1  main.o(.data)
    CRC_lowdata                              0x40000007   Data           1  main.o(.data)
    CRC_highdata                             0x40000008   Data           1  main.o(.data)
    KS_ONFlagValue                           0x4000000a   Data           2  main.o(.data)
    KS_ONFlag                                0x4000000c   Data           2  main.o(.data)
    light_on                                 0x4000000e   Data           2  time.o(.data)
    testF                                    0x40000010   Data           1  time.o(.data)
    secondTwo                                0x40000012   Data           2  time.o(.data)
    Msencond300                              0x40000014   Data           2  time.o(.data)
    mainDelay_1mS_Count                      0x40000016   Data           2  time.o(.data)
    mainDelay_1S_Count                       0x40000018   Data           2  time.o(.data)
    mainDelay_10S_Count                      0x4000001a   Data           2  time.o(.data)
    ToBeQueryAddress                         0x4000001c   Data           1  uart0.o(.data)
    EnsureQueryAddress                       0x4000001d   Data           1  uart0.o(.data)
    send                                     0x4000001e   Data           9  uart0.o(.data)
    T0_sendCount                             0x40000027   Data           1  uart0.o(.data)
    T0_sendIndex                             0x40000028   Data           1  uart0.o(.data)
    T0_haveRecData                           0x40000029   Data           1  uart0.o(.data)
    T0_recCount                              0x4000002a   Data           1  uart0.o(.data)
    T0_PermitRecFlag                         0x4000002b   Data           1  uart0.o(.data)
    T0_ItsRecTime                            0x4000002c   Data           1  uart0.o(.data)
    T0_Need_reply                            0x4000002d   Data           1  uart0.o(.data)
    T0_beforeSendCount                       0x4000002e   Data           1  uart0.o(.data)
    T0_realSend                              0x4000002f   Data           1  uart0.o(.data)
    T0_SendFrameNum                          0x40000030   Data           1  uart0.o(.data)
    T0_receive_time                          0x40000032   Data           2  uart0.o(.data)
    T0_sendComp_time                         0x40000034   Data           2  uart0.o(.data)
    T0_beforeSendValue                       0x40000036   Data           2  uart0.o(.data)
    T0_haveRecDone                           0x40000038   Data           1  uart0.o(.data)
    buffer                                   0x40000039   Data           1  uart0.o(.data)
    SendNextFlag                             0x4000003a   Data           1  uart0.o(.data)
    SendSameTimes                            0x4000003b   Data           1  uart0.o(.data)
    T0_Send_Length                           0x4000003c   Data           1  uart0.o(.data)
    T0_sendOverTimeCount                     0x4000003d   Data           1  uart0.o(.data)
    T0_sendOverTimeValue                     0x4000003e   Data           2  uart0.o(.data)
    T0_YlToLLHeartBeatValue1                 0x40000040   Data           1  uart0.o(.data)
    T0_YlToLLHeartBeatValue2                 0x40000041   Data           1  uart0.o(.data)
    T0_YlToLLHeartBeatValue3                 0x40000042   Data           1  uart0.o(.data)
    LastT0_YlToLLHeartBeatValue1             0x40000043   Data           1  uart0.o(.data)
    LastT0_YlToLLHeartBeatValue2             0x40000044   Data           1  uart0.o(.data)
    LastT0_YlToLLHeartBeatValue3             0x40000045   Data           1  uart0.o(.data)
    uart0NormalFlag1                         0x40000046   Data           1  uart0.o(.data)
    uart0NormalFlag2                         0x40000047   Data           1  uart0.o(.data)
    uart0NormalFlag3                         0x40000048   Data           1  uart0.o(.data)
    MonitorAddr3Value                        0x40000049   Data           1  uart0.o(.data)
    uart0HaveNormaledFlag1                   0x4000004a   Data           1  uart0.o(.data)
    uart0HaveNormaledFlag2                   0x4000004b   Data           1  uart0.o(.data)
    uart0HaveNormaledFlag3                   0x4000004c   Data           1  uart0.o(.data)
    T0_beforePullBusCount                    0x4000004d   Data           1  uart0.o(.data)
    T0_YlToLL_CalHeartBeatValue              0x4000004e   Data           2  uart0.o(.data)
    T0_beforePullBusValue                    0x40000050   Data           2  uart0.o(.data)
    T1_HoldInSendModeValue                   0x40000052   Data           2  uart0.o(.data)
    check3500Time                            0x40000054   Data           1  uart0.o(.data)
    T1_StepSendNum                           0x40000056   Data           1  uart1.o(.data)
    T1_sendCount                             0x40000057   Data           1  uart1.o(.data)
    T1_sendIndex                             0x40000058   Data           1  uart1.o(.data)
    T1_haveRecData                           0x40000059   Data           1  uart1.o(.data)
    T1_recCount                              0x4000005a   Data           1  uart1.o(.data)
    T1_PermitRecFlag                         0x4000005b   Data           1  uart1.o(.data)
    T1_receive_time                          0x4000005c   Data           2  uart1.o(.data)
    T1_sendComp_time                         0x4000005e   Data           2  uart1.o(.data)
    T1_haveRecDone                           0x40000060   Data           1  uart1.o(.data)
    T1_beforeSendCount                       0x40000061   Data           1  uart1.o(.data)
    T1_realSend                              0x40000062   Data           1  uart1.o(.data)
    T1_ItsRecTime                            0x40000063   Data           1  uart1.o(.data)
    T1_sendOverTimeValue                     0x40000064   Data           2  uart1.o(.data)
    T1_StepSendFlag                          0x40000066   Data           1  uart1.o(.data)
    T1_WriteSequence                         0x40000067   Data           1  uart1.o(.data)
    T1_Send_Length                           0x40000068   Data           1  uart1.o(.data)
    T1_sendOverTimeCount                     0x40000069   Data           1  uart1.o(.data)
    T1_beforeSendValue                       0x4000006a   Data           2  uart1.o(.data)
    T1_YlToJOS2_CalHeartBeatValue            0x4000006c   Data           2  uart1.o(.data)
    T1_beforePullBusValue                    0x4000006e   Data           2  uart1.o(.data)
    uart1NormalFlag                          0x40000070   Data           1  uart1.o(.data)
    uart1HaveNormaledFlag                    0x40000071   Data           1  uart1.o(.data)
    T1_beforePullBusCount                    0x40000072   Data           1  uart1.o(.data)
    LastT1_HeartBeatValue                    0x40000074   Data           2  uart1.o(.data)
    T1_HeartBeatValue                        0x40000076   Data           2  uart1.o(.data)
    T1_333ms                                 0x40000078   Data           2  uart1.o(.data)
    T2_sendCount                             0x4000007a   Data           1  uart2.o(.data)
    T2_sendIndex                             0x4000007b   Data           1  uart2.o(.data)
    T2_haveRecData                           0x4000007c   Data           1  uart2.o(.data)
    T2_recCount                              0x4000007d   Data           1  uart2.o(.data)
    T2_PermitRecFlag                         0x4000007e   Data           1  uart2.o(.data)
    T2_receive_time                          0x40000080   Data           2  uart2.o(.data)
    T2_sendComp_time                         0x40000082   Data           2  uart2.o(.data)
    T2_haveRecDone                           0x40000084   Data           1  uart2.o(.data)
    T2_beforeSendCount                       0x40000085   Data           1  uart2.o(.data)
    T2_realSend                              0x40000086   Data           1  uart2.o(.data)
    T2_ItsRecTime                            0x40000087   Data           1  uart2.o(.data)
    T2_sendOverTimeValue                     0x40000088   Data           2  uart2.o(.data)
    T2_Send_Length                           0x4000008a   Data           1  uart2.o(.data)
    T2_sendOverTimeCount                     0x4000008b   Data           1  uart2.o(.data)
    T2_beforeSendValue                       0x4000008c   Data           2  uart2.o(.data)
    T2_StepSend                              0x4000008e   Data           1  uart2.o(.data)
    T2_sendType                              0x4000008f   Data           1  uart2.o(.data)
    EstablishHealthyFlag                     0x40000090   Data           1  uart2.o(.data)
    EstablishHealthyValue                    0x40000091   Data           1  uart2.o(.data)
    uart2NormalFlag                          0x40000092   Data           1  uart2.o(.data)
    uart2HaveNormaledFlag                    0x40000093   Data           1  uart2.o(.data)
    LL_AFCselectedDriverStarted              0x40000094   Data           1  uart2.o(.data)
    EstablishHealthyFlagHaveGived            0x40000095   Data           1  uart2.o(.data)
    T2_beforePullBusCount                    0x40000096   Data           1  uart2.o(.data)
    T2_JosToYl_CalHeartBeatValue             0x40000098   Data           2  uart2.o(.data)
    T2_beforePullBusValue                    0x4000009a   Data           2  uart2.o(.data)
    switchToAFC_heartBeat                    0x4000009c   Data           2  uart2.o(.data)
    JosToYlHeartBeatValue                    0x4000009e   Data           2  uart2.o(.data)
    LastJosToYlHeartBeatValue                0x400000a0   Data           2  uart2.o(.data)
    T3_sendCount                             0x400000a2   Data           1  uart3.o(.data)
    T3_sendIndex                             0x400000a3   Data           1  uart3.o(.data)
    T3_haveRecData                           0x400000a4   Data           1  uart3.o(.data)
    T3_recCount                              0x400000a5   Data           1  uart3.o(.data)
    T3_PermitRecFlag                         0x400000a6   Data           1  uart3.o(.data)
    T3_receive_time                          0x400000a8   Data           2  uart3.o(.data)
    T3_sendComp_time                         0x400000aa   Data           2  uart3.o(.data)
    T3_haveRecDone                           0x400000ac   Data           1  uart3.o(.data)
    T3_beforeSendCount                       0x400000ad   Data           1  uart3.o(.data)
    T3_realSend                              0x400000ae   Data           1  uart3.o(.data)
    T3_ItsRecTime                            0x400000af   Data           1  uart3.o(.data)
    T3_sendOverTimeValue                     0x400000b0   Data           2  uart3.o(.data)
    T3_Send_Length                           0x400000b2   Data           1  uart3.o(.data)
    T3_sendOverTimeCount                     0x400000b3   Data           1  uart3.o(.data)
    T3_beforeSendValue                       0x400000b4   Data           2  uart3.o(.data)
    AFCToswitch_heartBeat                    0x400000b6   Data           1  uart3.o(.data)
    T3_YlToLL3500_CalHeartBeatValue          0x400000b8   Data           2  uart3.o(.data)
    T3_beforePullBusValue                    0x400000ba   Data           2  uart3.o(.data)
    YlToLL3500HeartBeatValue                 0x400000bc   Data           1  uart3.o(.data)
    LastYlToLL3500HeartBeatValue             0x400000bd   Data           1  uart3.o(.data)
    uart3NormalFlag                          0x400000be   Data           1  uart3.o(.data)
    uart3HaveNormaledFlag                    0x400000bf   Data           1  uart3.o(.data)
    T3_beforePullBusCount                    0x400000c0   Data           1  uart3.o(.data)
    newAFC_Drives_Selected                   0x400000c2   Data           1  keydatatosend.o(.data)
    CommandCloseAFCcontactors                0x400000c3   Data           1  keydatatosend.o(.data)
    CommandCloseCrushercontactors            0x400000c4   Data           1  keydatatosend.o(.data)
    CommandCloseBSLcontactors                0x400000c5   Data           1  keydatatosend.o(.data)
    newAFCDelayShutDown                      0x400000c6   Data           1  keydatatosend.o(.data)
    AFC_MGBP_I                               0x400000c8   Data           2  keydatatosend.o(.data)
    AFC_MGEP_I                               0x400000ca   Data           2  keydatatosend.o(.data)
    AFC_TG_I                                 0x400000cc   Data           2  keydatatosend.o(.data)
    AFC_MGBP_U                               0x400000ce   Data           2  keydatatosend.o(.data)
    AFC_MGEP_U                               0x400000d0   Data           2  keydatatosend.o(.data)
    AFC_TG_U                                 0x400000d2   Data           2  keydatatosend.o(.data)
    AFC_breakStat_MGBP                       0x400000d4   Data           1  keydatatosend.o(.data)
    AFC_breakStat_MGEP                       0x400000d5   Data           1  keydatatosend.o(.data)
    AFC_breakStat_TG                         0x400000d6   Data           1  keydatatosend.o(.data)
    BSL_Motor_I                              0x400000d8   Data           2  keydatatosend.o(.data)
    BSL_Motor_U                              0x400000da   Data           2  keydatatosend.o(.data)
    BSL_breakStat                            0x400000dc   Data           1  keydatatosend.o(.data)
    Crusher_Motor_I                          0x400000de   Data           2  keydatatosend.o(.data)
    Crusher_Motor_U                          0x400000e0   Data           2  keydatatosend.o(.data)
    Crusher_breakStat                        0x400000e2   Data           1  keydatatosend.o(.data)
    Shearer_I                                0x400000e4   Data           2  keydatatosend.o(.data)
    Shearer_U                                0x400000e6   Data           2  keydatatosend.o(.data)
    Shearer_breakStat                        0x400000e8   Data           1  keydatatosend.o(.data)
    Crusher_Closed                           0x400000e9   Data           1  keydatatosend.o(.data)
    BSL_Closed                               0x400000ea   Data           1  keydatatosend.o(.data)
    MGBP_Closed                              0x400000eb   Data           1  keydatatosend.o(.data)
    MGEP_Closed                              0x400000ec   Data           1  keydatatosend.o(.data)
    TG_Closed                                0x400000ed   Data           1  keydatatosend.o(.data)
    LLswitchDrivesSelected                   0x400000ee   Data           1  keydatatosend.o(.data)
    AFCRunSignal                             0x400000ef   Data           1  keydatatosend.o(.data)
    T0_Rec_Buffer                            0x400000f0   Data         200  uart0.o(.bss)
    T0_Send_Buffer                           0x400001b8   Data          10  uart0.o(.bss)
    DataBuffer1                              0x400001c2   Data         240  uart0.o(.bss)
    DataBuffer2                              0x400002b2   Data         200  uart0.o(.bss)
    DataBuffer3                              0x4000037a   Data         200  uart0.o(.bss)
    T1_Rec_Buffer                            0x40000442   Data          50  uart1.o(.bss)
    T1_Send_Buffer                           0x40000474   Data         130  uart1.o(.bss)
    QBCReadBuff                              0x400004f6   Data          18  uart1.o(.bss)
    QBCWriteBuff                             0x40000508   Data          18  uart1.o(.bss)
    JosBuff1                                 0x4000051a   Data         380  keydatatosend.o(.bss)
    JosBuff2                                 0x40000696   Data         240  keydatatosend.o(.bss)
    JosBuff3                                 0x40000786   Data         450  keydatatosend.o(.bss)
    __libspace_start                         0x40000948   Data          96  libspace.o(.bss)
    __temporary_stack_top$libspace           0x400009a8   Data           0  libspace.o(.bss)



==============================================================================

Memory Map of the image

  Image Entry point : 0x0000034c

  Load Region LR_IROM1 (Base: 0x00000000, Size: 0x0000653c, Max: 0x00080000, ABSOLUTE)

    Execution Region ER_IROM1 (Base: 0x00000000, Size: 0x0000644c, Max: 0x00080000, ABSOLUTE)

    Base Addr    Size         Type   Attr      Idx    E Section Name        Object

    0x00000000   0x0000034c   Code   RO            3    RESET               lpc2400.o
    0x0000034c   0x00000008   Code   RO          215  * !!!main             __main.o(c_t.l)
    0x00000354   0x0000003c   Code   RO          389    !!!scatter          __scatter.o(c_t.l)
    0x00000390   0x00000028   Code   RO          391    !!handler_copy      __scatter_copy.o(c_t.l)
    0x000003b8   0x0000002c   Code   RO          393    !!handler_zi        __scatter_zi.o(c_t.l)
    0x000003e4   0x00000008   Ven    RO          257    .ARM.Collect$$libinit$$00000000  libinit.o(c_t.l)
    0x000003ec   0x00000006   Code   RO          257    .ARM.Collect$$libinit$$00000000  libinit.o(c_t.l)
    0x000003f2   0x00000000   Code   RO          271    .ARM.Collect$$libinit$$00000006  libinit2.o(c_t.l)
    0x000003f2   0x00000000   Code   RO          273    .ARM.Collect$$libinit$$00000008  libinit2.o(c_t.l)
    0x000003f2   0x00000000   Code   RO          275    .ARM.Collect$$libinit$$0000000A  libinit2.o(c_t.l)
    0x000003f2   0x00000000   Code   RO          278    .ARM.Collect$$libinit$$0000000D  libinit2.o(c_t.l)
    0x000003f2   0x00000000   Code   RO          280    .ARM.Collect$$libinit$$0000000F  libinit2.o(c_t.l)
    0x000003f2   0x00000000   Code   RO          282    .ARM.Collect$$libinit$$00000011  libinit2.o(c_t.l)
    0x000003f2   0x00000000   Code   RO          284    .ARM.Collect$$libinit$$00000013  libinit2.o(c_t.l)
    0x000003f2   0x00000000   Code   RO          286    .ARM.Collect$$libinit$$00000015  libinit2.o(c_t.l)
    0x000003f2   0x00000000   Code   RO          288    .ARM.Collect$$libinit$$00000017  libinit2.o(c_t.l)
    0x000003f2   0x00000000   Code   RO          290    .ARM.Collect$$libinit$$00000019  libinit2.o(c_t.l)
    0x000003f2   0x00000000   Code   RO          292    .ARM.Collect$$libinit$$0000001B  libinit2.o(c_t.l)
    0x000003f2   0x00000000   Code   RO          294    .ARM.Collect$$libinit$$0000001D  libinit2.o(c_t.l)
    0x000003f2   0x00000000   Code   RO          296    .ARM.Collect$$libinit$$0000001F  libinit2.o(c_t.l)
    0x000003f2   0x00000000   Code   RO          298    .ARM.Collect$$libinit$$00000021  libinit2.o(c_t.l)
    0x000003f2   0x00000000   Code   RO          302    .ARM.Collect$$libinit$$00000028  libinit2.o(c_t.l)
    0x000003f2   0x00000000   Code   RO          304    .ARM.Collect$$libinit$$0000002A  libinit2.o(c_t.l)
    0x000003f2   0x00000000   Code   RO          306    .ARM.Collect$$libinit$$0000002C  libinit2.o(c_t.l)
    0x000003f2   0x00000000   Code   RO          308    .ARM.Collect$$libinit$$0000002E  libinit2.o(c_t.l)
    0x000003f2   0x0000000c   Code   RO          309    .ARM.Collect$$libinit$$0000002F  libinit2.o(c_t.l)
    0x000003fe   0x00000002   PAD
    0x00000400   0x00000008   Ven    RO          347    .ARM.Collect$$libshutdown$$00000000  libshutdown.o(c_t.l)
    0x00000408   0x00000004   Code   RO          347    .ARM.Collect$$libshutdown$$00000000  libshutdown.o(c_t.l)
    0x0000040c   0x00000000   Code   RO          374    .ARM.Collect$$libshutdown$$00000003  libshutdown2.o(c_t.l)
    0x0000040c   0x00000000   Code   RO          377    .ARM.Collect$$libshutdown$$00000006  libshutdown2.o(c_t.l)
    0x0000040c   0x00000000   Code   RO          380    .ARM.Collect$$libshutdown$$00000009  libshutdown2.o(c_t.l)
    0x0000040c   0x00000000   Code   RO          382    .ARM.Collect$$libshutdown$$0000000B  libshutdown2.o(c_t.l)
    0x0000040c   0x00000000   Code   RO          385    .ARM.Collect$$libshutdown$$0000000E  libshutdown2.o(c_t.l)
    0x0000040c   0x00000006   Code   RO          386    .ARM.Collect$$libshutdown$$0000000F  libshutdown2.o(c_t.l)
    0x00000412   0x00000002   PAD
    0x00000414   0x00000000   Code   RO          217    .ARM.Collect$$rtentry$$00000000  rtentry.o(c_t.l)
    0x00000414   0x00000000   Code   RO          224    .ARM.Collect$$rtentry$$00000002  rtentry2.o(c_t.l)
    0x00000414   0x00000008   Code   RO          239    .ARM.Collect$$rtentry$$00000004  rtentry4.o(c_t.l)
    0x0000041c   0x00000000   Code   RO          226    .ARM.Collect$$rtentry$$00000009  rtentry2.o(c_t.l)
    0x0000041c   0x00000004   Code   RO          227    .ARM.Collect$$rtentry$$0000000A  rtentry2.o(c_t.l)
    0x00000420   0x00000000   Code   RO          229    .ARM.Collect$$rtentry$$0000000C  rtentry2.o(c_t.l)
    0x00000420   0x00000028   Code   RO          230    .ARM.Collect$$rtentry$$0000000D  rtentry2.o(c_t.l)
    0x00000448   0x00000004   Ven    RO          261    .ARM.Collect$$rtexit$$00000000  rtexit.o(c_t.l)
    0x0000044c   0x00000004   Code   RO          261    .ARM.Collect$$rtexit$$00000000  rtexit.o(c_t.l)
    0x00000450   0x00000000   Code   RO          315    .ARM.Collect$$rtexit$$00000002  rtexit2.o(c_t.l)
    0x00000450   0x00000004   Code   RO          316    .ARM.Collect$$rtexit$$00000003  rtexit2.o(c_t.l)
    0x00000454   0x00000008   Code   RO          317    .ARM.Collect$$rtexit$$00000004  rtexit2.o(c_t.l)
    0x0000045c   0x00000024   Code   RO            4    .text               lpc2400.o
    0x00000480   0x000002a0   Code   RO           11    .text               main.o
    0x00000720   0x000002c0   Code   RO           61    .text               time.o
    0x000009e0   0x000010f0   Code   RO           80    .text               uart0.o
    0x00001ad0   0x00000bcc   Code   RO          101    .text               uart1.o
    0x0000269c   0x000004ac   Code   RO          161    .text               iocontrol.o
    0x00002b48   0x0000349c   Code   RO          175    .text               keydatatosend.o
    0x00005fe4   0x00000180   Code   RO          197    .text               aeabi_sdiv.o(c_t.l)
    0x00006164   0x00000006   Code   RO          213    .text               heapauxi.o(c_t.l)
    0x0000616a   0x00000002   PAD
    0x0000616c   0x00000060   Code   RO          243    .text               sys_stackheap_outer.o(c_t.l)
    0x000061cc   0x0000000c   Code   RO          245    .text               exit.o(c_t.l)
    0x000061d8   0x0000000c   Code   RO          258    .text               libspace.o(c_t.l)
    0x000061e4   0x00000018   Code   RO          312    .text               sys_exit.o(c_t.l)
    0x000061fc   0x00000010   Code   RO          325    .text               rt_fp_status_addr_intlibspace.o(c_t.l)
    0x0000620c   0x00000004   Code   RO          337    .text               use_no_semi.o(c_t.l)
    0x00006210   0x00000004   Ven    RO          310    x$fpl$fpinit        fpinit.o(fz_ts.l)
    0x00006214   0x00000018   Code   RO          310    x$fpl$fpinit        fpinit.o(fz_ts.l)
    0x0000622c   0x00000200   Data   RO           82    .constdata          uart0.o
    0x0000642c   0x00000020   Data   RO          387    Region$$Table       anon$$obj.o


    Execution Region RW_IRAM1 (Base: 0x40000000, Size: 0x00001eb0, Max: 0x00010000, ABSOLUTE)

    Base Addr    Size         Type   Attr      Idx    E Section Name        Object

    0x40000000   0x0000000e   Data   RW           13    .data               main.o
    0x4000000e   0x0000000e   Data   RW           63    .data               time.o
    0x4000001c   0x00000039   Data   RW           83    .data               uart0.o
    0x40000055   0x00000001   PAD
    0x40000056   0x00000024   Data   RW          104    .data               uart1.o
    0x4000007a   0x00000028   Data   RW          124    .data               uart2.o
    0x400000a2   0x0000001f   Data   RW          144    .data               uart3.o
    0x400000c1   0x00000001   PAD
    0x400000c2   0x0000002e   Data   RW          178    .data               keydatatosend.o
    0x400000f0   0x00000352   Zero   RW           81    .bss                uart0.o
    0x40000442   0x000000d8   Zero   RW          102    .bss                uart1.o
    0x4000051a   0x0000042e   Zero   RW          176    .bss                keydatatosend.o
    0x40000948   0x00000060   Zero   RW          259    .bss                libspace.o(c_t.l)
    0x400009a8   0x00001000   Zero   RW            2    HEAP                lpc2400.o
    0x400019a8   0x00000508   Zero   RW            1    STACK               lpc2400.o


==============================================================================

Image component sizes


      Code (inc. data)   RO Data    RW Data    ZI Data      Debug   Object Name

      1196         24          0          0          0       2203   iocontrol.o
     13468        684          0         46       1070       7571   keydatatosend.o
       880        112          0          0       5384        568   lpc2400.o
       672         24          0         14          0       6300   main.o
       704         52          0         14          0       1469   time.o
      4336        236        512         57        850       7720   uart0.o
      3020        120          0         36        216       4710   uart1.o
         0          0          0         40          0       2212   uart2.o
         0          0          0         31          0       1748   uart3.o

    ----------------------------------------------------------------------
     24276       1252        544        240       7520      34501   Object Totals
         0          0         32          0          0          0   (incl. Generated)
         0          0          0          2          0          1   (incl. Padding)

    ----------------------------------------------------------------------

      Code (inc. data)   RO Data    RW Data    ZI Data      Debug   Library Member Name

         8          0          0          0          0         68   __main.o
        60          8          0          0          0          0   __scatter.o
        40          0          0          0          0          0   __scatter_copy.o
        44          0          0          0          0          0   __scatter_zi.o
       384          0          0          0          0         80   aeabi_sdiv.o
        12          0          0          0          0         60   exit.o
        28          0          0          0          0         80   fpinit.o
         6          0          0          0          0        132   heapauxi.o
        14          0          0          0          0          0   libinit.o
        12          0          0          0          0          0   libinit2.o
        12          0          0          0          0          0   libshutdown.o
         6          0          0          0          0          0   libshutdown2.o
        12          4          0          0         96         68   libspace.o
        16          4          0          0          0         68   rt_fp_status_addr_intlibspace.o
         0          0          0          0          0          0   rtentry.o
        44          4          0          0          0          0   rtentry2.o
         8          0          0          0          0          0   rtentry4.o
         8          0          0          0          0          0   rtexit.o
        12          0          0          0          0          0   rtexit2.o
        24          8          0          0          0         68   sys_exit.o
        96          0          0          0          0         80   sys_stackheap_outer.o
         4          0          0          0          0         68   use_no_semi.o

    ----------------------------------------------------------------------
       856         28          0          0         96        772   Library Totals
         6          0          0          0          0          0   (incl. Padding)

    ----------------------------------------------------------------------

      Code (inc. data)   RO Data    RW Data    ZI Data      Debug   Library Name

       822         28          0          0         96        692   c_t.l
        28          0          0          0          0         80   fz_ts.l

    ----------------------------------------------------------------------
       856         28          0          0         96        772   Library Totals

    ----------------------------------------------------------------------

==============================================================================


      Code (inc. data)   RO Data    RW Data    ZI Data      Debug   

     25132       1280        544        240       7616      34332   Grand Totals
     25132       1280        544        240       7616      34332   ELF Image Totals
     25132       1280        544        240          0          0   ROM Totals

==============================================================================

    Total RO  Size (Code + RO Data)                25676 (  25.07kB)
    Total RW  Size (RW Data + ZI Data)              7856 (   7.67kB)
    Total ROM Size (Code + RO Data + RW Data)      25916 (  25.31kB)

==============================================================================

