ARM Linker, 4.1 [Build 894] [Standard]

==============================================================================

Section Cross References

    lpc2400.o(STACK) refers (Special) to heapauxi.o(.text) for __use_two_region_memory
    lpc2400.o(HEAP) refers (Special) to heapauxi.o(.text) for __use_two_region_memory
    lpc2400.o(RESET) refers (Special) to heapauxi.o(.text) for __use_two_region_memory
    lpc2400.o(RESET) refers to lpc2400.o(STACK) for Stack_Top
    lpc2400.o(RESET) refers to __main.o(!!!main) for __main
    lpc2400.o(.text) refers (Special) to heapauxi.o(.text) for __use_two_region_memory
    lpc2400.o(.text) refers to lpc2400.o(HEAP) for Heap_Mem
    lpc2400.o(.text) refers to lpc2400.o(STACK) for Stack_Mem
    main.o(.text) refers to uart0.o(.text) for Tx1_EN
    main.o(.text) refers to aeabi_sdiv.o(.text_udiv) for __aeabi_uidivmod
    main.o(.text) refers to time.o(.text) for Timer1_Init
    main.o(.text) refers to main.o(.data) for addr0_data
    main.o(.text) refers to time.o(.data) for testF
    time.o(.text) refers to uart0.o(.text) for T0_check
    time.o(.text) refers to uart1.o(.text) for T1_check
    time.o(.text) refers to uart2.o(.text) for T2_check
    time.o(.text) refers to uart3.o(.text) for T3_check
    time.o(.text) refers to time.o(.data) for testF
    time.o(.text) refers to uart2.o(.data) for switchToAFC_heartBeat
    uart0.o(.text) refers to iocontrol.o(.text) for KS2_DelayOn
    uart0.o(.text) refers to keydatatosend.o(.text) for LoadLL1DatatoSendtoJOS2
    uart0.o(.text) refers to uart0.o(.data) for T0_sendIndex
    uart0.o(.text) refers to uart0.o(.bss) for T0_Send_Buffer
    uart0.o(.text) refers to uart0.o(.constdata) for auchCRCHi
    uart0.o(.text) refers to uart1.o(.data) for T1_ItsRecTime
    uart0.o(.text) refers to uart2.o(.data) for T2_ItsRecTime
    uart0.o(.text) refers to uart3.o(.data) for T3_ItsRecTime
    uart1.o(.text) refers to uart0.o(.text) for Tx1_EN
    uart1.o(.text) refers to uart1.o(.data) for T1_sendIndex
    uart1.o(.text) refers to uart1.o(.bss) for T1_Send_Buffer
    uart1.o(.text) refers to uart0.o(.data) for buffer
    uart1.o(.text) refers to uart2.o(.data) for switchToAFC_heartBeat
    uart2.o(.text) refers to uart0.o(.text) for Tx2_EN
    uart2.o(.text) refers to iocontrol.o(.text) for KS3_DelayOn
    uart2.o(.text) refers to keydatatosend.o(.text) for UpdateNewJOSdata
    uart2.o(.text) refers to uart2.o(.data) for T2_sendIndex
    uart2.o(.text) refers to uart2.o(.bss) for T2_Send_Buffer
    uart2.o(.text) refers to uart0.o(.data) for buffer
    uart2.o(.text) refers to keydatatosend.o(.data) for AFC_MGBP_I
    uart3.o(.text) refers to uart0.o(.text) for Tx3_EN
    uart3.o(.text) refers to keydatatosend.o(.text) for UpdateOldLLdata
    uart3.o(.text) refers to uart3.o(.data) for T3_sendIndex
    uart3.o(.text) refers to uart3.o(.bss) for T3_Send_Buffer
    uart3.o(.text) refers to uart0.o(.data) for buffer
    uart3.o(.text) refers to uart2.o(.data) for uart2NormalFlag
    uart3.o(.text) refers to uart1.o(.data) for uart1NormalFlag
    uart3.o(.text) refers to keydatatosend.o(.data) for newAFCDelayShutDown
    iocontrol.o(.text) refers to uart1.o(.bss) for QBCWriteBuff
    iocontrol.o(.text) refers to uart1.o(.data) for uart1NormalFlag
    keydatatosend.o(.text) refers to iocontrol.o(.text) for KS2_DelayOn
    keydatatosend.o(.text) refers to aeabi_sdiv.o(.text) for __aeabi_idivmod
    keydatatosend.o(.text) refers to keydatatosend.o(.data) for newAFC_Drives_Selected
    keydatatosend.o(.text) refers to keydatatosend.o(.bss) for JosBuff1
    keydatatosend.o(.text) refers to uart0.o(.bss) for DataBuffer1
    aeabi_sdiv.o(.text_udiv) refers to aeabi_sdiv.o(.text) for __arm_div2
    aeabi_sdiv_div0.o(.text_udiv) refers to aeabi_sdiv_div0.o(.text) for __arm_div2
    __main.o(!!!main) refers to rtentry.o(.ARM.Collect$$rtentry$$00000000) for __rt_entry
    rtentry.o(.ARM.Collect$$rtentry$$00000000) refers (Special) to rtentry2.o(.ARM.Collect$$rtentry$$0000000A) for __rt_entry_li
    rtentry.o(.ARM.Collect$$rtentry$$00000000) refers (Special) to rtentry2.o(.ARM.Collect$$rtentry$$0000000D) for __rt_entry_main
    rtentry.o(.ARM.Collect$$rtentry$$00000000) refers (Special) to rtentry2.o(.ARM.Collect$$rtentry$$0000000C) for __rt_entry_postli_1
    rtentry.o(.ARM.Collect$$rtentry$$00000000) refers (Special) to rtentry2.o(.ARM.Collect$$rtentry$$00000009) for __rt_entry_postsh_1
    rtentry.o(.ARM.Collect$$rtentry$$00000000) refers (Special) to rtentry2.o(.ARM.Collect$$rtentry$$00000002) for __rt_entry_presh_1
    rtentry.o(.ARM.Collect$$rtentry$$00000000) refers (Special) to rtentry4.o(.ARM.Collect$$rtentry$$00000004) for __rt_entry_sh
    aeabi_idiv0_sigfpe.o(.text) refers to rt_div0.o(.text) for __rt_div0
    rtentry2.o(.ARM.Collect$$rtentry$$00000008) refers to boardinit2.o(.text) for _platform_post_stackheap_init
    rtentry2.o(.ARM.Collect$$rtentry$$0000000A) refers to libinit.o(.ARM.Collect$$libinit$$00000000) for __rt_lib_init
    rtentry2.o(.ARM.Collect$$rtentry$$0000000B) refers to boardinit3.o(.text) for _platform_post_lib_init
    rtentry2.o(.ARM.Collect$$rtentry$$0000000D) refers to exit.o(.text) for exit
    rtentry2.o(.ARM.Collect$$rtentry$$0000000D) refers to main.o(.text) for main
    rtentry2.o(.ARM.exidx) refers to rtentry2.o(.ARM.Collect$$rtentry$$00000001) for .ARM.Collect$$rtentry$$00000001
    rtentry2.o(.ARM.exidx) refers to rtentry2.o(.ARM.Collect$$rtentry$$00000008) for .ARM.Collect$$rtentry$$00000008
    rtentry2.o(.ARM.exidx) refers to rtentry2.o(.ARM.Collect$$rtentry$$0000000A) for .ARM.Collect$$rtentry$$0000000A
    rtentry2.o(.ARM.exidx) refers to rtentry2.o(.ARM.Collect$$rtentry$$0000000B) for .ARM.Collect$$rtentry$$0000000B
    rtentry2.o(.ARM.exidx) refers to rtentry2.o(.ARM.Collect$$rtentry$$0000000D) for .ARM.Collect$$rtentry$$0000000D
    rtentry4.o(.ARM.Collect$$rtentry$$00000004) refers to sys_stackheap_outer.o(.text) for __user_setup_stackheap
    rtentry4.o(.ARM.exidx) refers to rtentry4.o(.ARM.Collect$$rtentry$$00000004) for .ARM.Collect$$rtentry$$00000004
    rt_div0.o(.text) refers to defsig_fpe_outer.o(.text) for __rt_SIGFPE
    sys_stackheap_outer.o(.text) refers to libspace.o(.text) for __user_perproc_libspace
    sys_stackheap_outer.o(.text) refers to lpc2400.o(.text) for __user_initial_stackheap
    exit.o(.text) refers to rtexit.o(.ARM.Collect$$rtexit$$00000000) for __rt_exit
    defsig_fpe_outer.o(.text) refers to defsig_fpe_inner.o(.text) for __rt_SIGFPE_inner
    defsig_fpe_outer.o(.text) refers to defsig_exit.o(.text) for __sig_exit
    defsig_fpe_formal.o(.text) refers to rt_raise.o(.text) for __rt_raise
    libinit.o(.ARM.Collect$$libinit$$00000000) refers (Special) to libinit2.o(.ARM.Collect$$libinit$$0000002A) for __rt_lib_init_alloca_1
    libinit.o(.ARM.Collect$$libinit$$00000000) refers (Special) to libinit2.o(.ARM.Collect$$libinit$$00000028) for __rt_lib_init_argv_1
    libinit.o(.ARM.Collect$$libinit$$00000000) refers (Special) to libinit2.o(.ARM.Collect$$libinit$$00000017) for __rt_lib_init_atexit_1
    libinit.o(.ARM.Collect$$libinit$$00000000) refers (Special) to libinit2.o(.ARM.Collect$$libinit$$0000001D) for __rt_lib_init_clock_1
    libinit.o(.ARM.Collect$$libinit$$00000000) refers (Special) to libinit2.o(.ARM.Collect$$libinit$$0000002E) for __rt_lib_init_cpp_1
    libinit.o(.ARM.Collect$$libinit$$00000000) refers (Special) to libinit2.o(.ARM.Collect$$libinit$$0000002C) for __rt_lib_init_exceptions_1
    libinit.o(.ARM.Collect$$libinit$$00000000) refers (Special) to libinit2.o(.ARM.Collect$$libinit$$0000001B) for __rt_lib_init_fp_trap_1
    libinit.o(.ARM.Collect$$libinit$$00000000) refers (Special) to libinit2.o(.ARM.Collect$$libinit$$0000001F) for __rt_lib_init_getenv_1
    libinit.o(.ARM.Collect$$libinit$$00000000) refers (Special) to libinit2.o(.ARM.Collect$$libinit$$00000006) for __rt_lib_init_heap_1
    libinit.o(.ARM.Collect$$libinit$$00000000) refers (Special) to libinit2.o(.ARM.Collect$$libinit$$0000000D) for __rt_lib_init_lc_collate_1
    libinit.o(.ARM.Collect$$libinit$$00000000) refers (Special) to libinit2.o(.ARM.Collect$$libinit$$0000000F) for __rt_lib_init_lc_ctype_1
    libinit.o(.ARM.Collect$$libinit$$00000000) refers (Special) to libinit2.o(.ARM.Collect$$libinit$$00000011) for __rt_lib_init_lc_monetary_1
    libinit.o(.ARM.Collect$$libinit$$00000000) refers (Special) to libinit2.o(.ARM.Collect$$libinit$$00000013) for __rt_lib_init_lc_numeric_1
    libinit.o(.ARM.Collect$$libinit$$00000000) refers (Special) to libinit2.o(.ARM.Collect$$libinit$$00000015) for __rt_lib_init_lc_time_1
    libinit.o(.ARM.Collect$$libinit$$00000000) refers (Special) to libinit2.o(.ARM.Collect$$libinit$$0000000A) for __rt_lib_init_rand_1
    libinit.o(.ARM.Collect$$libinit$$00000000) refers (Special) to libinit2.o(.ARM.Collect$$libinit$$0000002F) for __rt_lib_init_return
    libinit.o(.ARM.Collect$$libinit$$00000000) refers (Special) to libinit2.o(.ARM.Collect$$libinit$$00000019) for __rt_lib_init_signal_1
    libinit.o(.ARM.Collect$$libinit$$00000000) refers (Special) to libinit2.o(.ARM.Collect$$libinit$$00000021) for __rt_lib_init_stdio_1
    libinit.o(.ARM.Collect$$libinit$$00000000) refers (Special) to libinit2.o(.ARM.Collect$$libinit$$00000008) for __rt_lib_init_user_alloc_1
    libinit.o(.ARM.Collect$$libinit$$00000000) refers to fpinit.o(x$fpl$fpinit) for _fp_init
    libspace.o(.text) refers to libspace.o(.bss) for __libspace_start
    rtexit.o(.ARM.Collect$$rtexit$$00000000) refers (Special) to rtexit2.o(.ARM.Collect$$rtexit$$00000004) for __rt_exit_exit
    rtexit.o(.ARM.Collect$$rtexit$$00000000) refers (Special) to rtexit2.o(.ARM.Collect$$rtexit$$00000003) for __rt_exit_ls
    rtexit.o(.ARM.Collect$$rtexit$$00000000) refers (Special) to rtexit2.o(.ARM.Collect$$rtexit$$00000002) for __rt_exit_prels_1
    rtexit.o(.ARM.exidx) refers (Special) to rtexit2.o(.ARM.Collect$$rtexit$$00000004) for __rt_exit_exit
    rtexit.o(.ARM.exidx) refers (Special) to rtexit2.o(.ARM.Collect$$rtexit$$00000003) for __rt_exit_ls
    rtexit.o(.ARM.exidx) refers (Special) to rtexit2.o(.ARM.Collect$$rtexit$$00000002) for __rt_exit_prels_1
    rtexit.o(.ARM.exidx) refers to rtexit.o(.ARM.Collect$$rtexit$$00000000) for .ARM.Collect$$rtexit$$00000000
    rt_raise.o(.text) refers to __raise.o(.text) for __raise
    rt_raise.o(.text) refers to sys_exit.o(.text) for _sys_exit
    defsig_exit.o(.text) refers to sys_exit.o(.text) for _sys_exit
    defsig_fpe_inner.o(.text) refers to defsig_general.o(.text) for __default_signal_display
    libinit2.o(.ARM.Collect$$libinit$$0000000C) refers to libinit2.o(.ARM.Collect$$libinit$$0000000B) for .ARM.Collect$$libinit$$0000000B
    libinit2.o(.ARM.Collect$$libinit$$0000000E) refers to libinit2.o(.ARM.Collect$$libinit$$0000000B) for .ARM.Collect$$libinit$$0000000B
    libinit2.o(.ARM.Collect$$libinit$$00000010) refers to libinit2.o(.ARM.Collect$$libinit$$0000000B) for .ARM.Collect$$libinit$$0000000B
    libinit2.o(.ARM.Collect$$libinit$$00000012) refers to libinit2.o(.ARM.Collect$$libinit$$0000000B) for .ARM.Collect$$libinit$$0000000B
    libinit2.o(.ARM.Collect$$libinit$$00000014) refers to libinit2.o(.ARM.Collect$$libinit$$0000000B) for .ARM.Collect$$libinit$$0000000B
    libinit2.o(.ARM.Collect$$libinit$$00000022) refers to argv_veneer.o(.emb_text) for __ARM_argv_veneer
    libinit2.o(.ARM.Collect$$libinit$$00000023) refers to argv_veneer.o(.emb_text) for __ARM_argv_veneer
    fpinit.o(x$fpl$fpinit) refers to rt_fp_status_addr_intlibspace.o(.text) for __rt_fp_status_addr
    sys_exit.o(.text) refers (Special) to use_no_semi.o(.text) for __I$use$semihosting
    sys_exit.o(.text) refers (Special) to indicate_semi.o(.text) for __semihosting_library_function
    rtexit2.o(.ARM.Collect$$rtexit$$00000003) refers to libshutdown.o(.ARM.Collect$$libshutdown$$00000000) for __rt_lib_shutdown
    rtexit2.o(.ARM.Collect$$rtexit$$00000004) refers to sys_exit.o(.text) for _sys_exit
    rtexit2.o(.ARM.exidx) refers to rtexit2.o(.ARM.Collect$$rtexit$$00000001) for .ARM.Collect$$rtexit$$00000001
    rtexit2.o(.ARM.exidx) refers to rtexit2.o(.ARM.Collect$$rtexit$$00000003) for .ARM.Collect$$rtexit$$00000003
    rtexit2.o(.ARM.exidx) refers to rtexit2.o(.ARM.Collect$$rtexit$$00000004) for .ARM.Collect$$rtexit$$00000004
    rt_fp_status_addr.o(.text) refers to rt_fp_status_addr.o(.bss) for __rt_fp_status_addr_data
    rt_fp_status_addr_intlibspace.o(.text) refers to libspace.o(.bss) for __libspace_start
    __raise.o(.text) refers to __raise.o(i.__ARM_common_call_via_r2) for __ARM_common_call_via_r2
    __raise.o(.text) refers to defsig.o(CL$$defsig) for __default_signal_handler
    defsig_general.o(.text) refers to sys_wrch.o(.text) for _ttywrch
    argv_veneer.o(.emb_text) refers to no_argv.o(.text) for __ARM_get_argv
    sys_wrch.o(.text) refers (Special) to use_no_semi.o(.text) for __I$use$semihosting
    sys_wrch.o(.text) refers (Special) to indicate_semi.o(.text) for __semihosting_library_function
    defsig.o(CL$$defsig) refers to defsig_fpe_inner.o(.text) for __rt_SIGFPE_inner
    defsig.o(CL$$defsig) refers to defsig_rtmem_inner.o(.text) for __rt_SIGRTMEM_inner
    _get_argv_nomalloc.o(.text) refers (Special) to hrguard.o(.text) for __heap_region$guard
    _get_argv_nomalloc.o(.text) refers to defsig_rtmem_outer.o(.text) for __rt_SIGRTMEM
    _get_argv_nomalloc.o(.text) refers to sys_command.o(.text) for _sys_command_string
    libshutdown.o(.ARM.Collect$$libshutdown$$00000000) refers (Special) to libshutdown2.o(.ARM.Collect$$libshutdown$$00000006) for __rt_lib_shutdown_fp_trap_1
    libshutdown.o(.ARM.Collect$$libshutdown$$00000000) refers (Special) to libshutdown2.o(.ARM.Collect$$libshutdown$$0000000E) for __rt_lib_shutdown_heap_1
    libshutdown.o(.ARM.Collect$$libshutdown$$00000000) refers (Special) to libshutdown2.o(.ARM.Collect$$libshutdown$$0000000F) for __rt_lib_shutdown_return
    libshutdown.o(.ARM.Collect$$libshutdown$$00000000) refers (Special) to libshutdown2.o(.ARM.Collect$$libshutdown$$00000009) for __rt_lib_shutdown_signal_1
    libshutdown.o(.ARM.Collect$$libshutdown$$00000000) refers (Special) to libshutdown2.o(.ARM.Collect$$libshutdown$$00000003) for __rt_lib_shutdown_stdio_1
    libshutdown.o(.ARM.Collect$$libshutdown$$00000000) refers (Special) to libshutdown2.o(.ARM.Collect$$libshutdown$$0000000B) for __rt_lib_shutdown_user_alloc_1
    sys_command.o(.text) refers (Special) to use_no_semi.o(.text) for __I$use$semihosting
    sys_command.o(.text) refers (Special) to indicate_semi.o(.text) for __semihosting_library_function
    defsig_abrt_inner.o(.text) refers to defsig_general.o(.text) for __default_signal_display
    defsig_rtred_inner.o(.text) refers to defsig_general.o(.text) for __default_signal_display
    defsig_rtmem_inner.o(.text) refers to defsig_general.o(.text) for __default_signal_display
    defsig_rtmem_outer.o(.text) refers to defsig_rtmem_inner.o(.text) for __rt_SIGRTMEM_inner
    defsig_rtmem_outer.o(.text) refers to defsig_exit.o(.text) for __sig_exit
    defsig_rtmem_formal.o(.text) refers to rt_raise.o(.text) for __rt_raise
    defsig_stak_inner.o(.text) refers to defsig_general.o(.text) for __default_signal_display
    defsig_pvfn_inner.o(.text) refers to defsig_general.o(.text) for __default_signal_display
    defsig_cppl_inner.o(.text) refers to defsig_general.o(.text) for __default_signal_display
    defsig_segv_inner.o(.text) refers to defsig_general.o(.text) for __default_signal_display
    defsig_other.o(.text) refers to defsig_general.o(.text) for __default_signal_display


==============================================================================

Removing Unused input sections from the image.

    Removing main.o(.constdata), (512 bytes).
    Removing time.o(.constdata), (512 bytes).
    Removing uart1.o(.constdata), (512 bytes).
    Removing uart2.o(.constdata), (512 bytes).
    Removing uart3.o(.constdata), (512 bytes).
    Removing iocontrol.o(.constdata), (512 bytes).
    Removing keydatatosend.o(.constdata), (512 bytes).

7 unused section(s) (total 3584 bytes) removed from the image.

==============================================================================

Adding Veneers to the image

    Adding AT veneer (8 bytes, Inline) for call to '__rt_lib_init' from rtentry2.o(.ARM.Collect$$rtentry$$0000000A).
    Adding AT veneer (8 bytes, Inline) for call to '__rt_lib_shutdown' from rtexit2.o(.ARM.Collect$$rtexit$$00000003).
    Adding TA veneer (4 bytes, Inline) for call to '__rt_exit' from exit.o(.text).
    Adding AT veneer (8 bytes, Inline) for call to '_sys_exit' from rtexit2.o(.ARM.Collect$$rtexit$$00000004).
    Adding TA veneer (4 bytes, Inline) for call to '_fp_init' from libinit.o(.ARM.Collect$$libinit$$00000000).

5 Veneer(s) (total 32 bytes) added to the image.

==============================================================================

Image Symbol Table

    Local Symbols

    Symbol Name                              Value     Ov Type        Size  Object(Section)

    RESET                                    0x00000000   Section      844  lpc2400.o(RESET)
    ../../angel/boardlib.s                   0x00000000   Number         0  boardinit1.o ABSOLUTE
    ../../angel/boardlib.s                   0x00000000   Number         0  boardinit2.o ABSOLUTE
    ../../angel/boardlib.s                   0x00000000   Number         0  boardshut.o ABSOLUTE
    ../../angel/boardlib.s                   0x00000000   Number         0  boardinit3.o ABSOLUTE
    ../../angel/handlers.s                   0x00000000   Number         0  __scatter_copy.o ABSOLUTE
    ../../angel/handlers.s                   0x00000000   Number         0  __scatter_zi.o ABSOLUTE
    ../../angel/kernel.s                     0x00000000   Number         0  rtentry.o ABSOLUTE
    ../../angel/kernel.s                     0x00000000   Number         0  rtentry2.o ABSOLUTE
    ../../angel/kernel.s                     0x00000000   Number         0  rtentry4.o ABSOLUTE
    ../../angel/kernel.s                     0x00000000   Number         0  rtexit2.o ABSOLUTE
    ../../angel/kernel.s                     0x00000000   Number         0  rtexit.o ABSOLUTE
    ../../angel/rt.s                         0x00000000   Number         0  aeabi_idiv0.o ABSOLUTE
    ../../angel/rt.s                         0x00000000   Number         0  rt_raise.o ABSOLUTE
    ../../angel/rt.s                         0x00000000   Number         0  aeabi_idiv0_sigfpe.o ABSOLUTE
    ../../angel/rt.s                         0x00000000   Number         0  rt_fp_status_addr.o ABSOLUTE
    ../../angel/rt.s                         0x00000000   Number         0  rt_fp_status_addr_intlibspace.o ABSOLUTE
    ../../angel/rt.s                         0x00000000   Number         0  rt_div0.o ABSOLUTE
    ../../angel/scatter.s                    0x00000000   Number         0  __scatter.o ABSOLUTE
    ../../angel/startup.s                    0x00000000   Number         0  __main.o ABSOLUTE
    ../../angel/sys.s                        0x00000000   Number         0  use_no_semi.o ABSOLUTE
    ../../angel/sys.s                        0x00000000   Number         0  indicate_semi.o ABSOLUTE
    ../../angel/sys.s                        0x00000000   Number         0  sys_stackheap_outer.o ABSOLUTE
    ../../angel/sys.s                        0x00000000   Number         0  libspace.o ABSOLUTE
    ../../angel/sysapp.c                     0x00000000   Number         0  sys_command.o ABSOLUTE
    ../../angel/sysapp.c                     0x00000000   Number         0  sys_wrch.o ABSOLUTE
    ../../angel/sysapp.c                     0x00000000   Number         0  sys_exit.o ABSOLUTE
    ../../armsys.c                           0x00000000   Number         0  argv_veneer.o ABSOLUTE
    ../../armsys.c                           0x00000000   Number         0  argv_veneer.o ABSOLUTE
    ../../armsys.c                           0x00000000   Number         0  _get_argv_nomalloc.o ABSOLUTE
    ../../armsys.c                           0x00000000   Number         0  no_argv.o ABSOLUTE
    ../../division.s                         0x00000000   Number         0  aeabi_sdiv_div0.o ABSOLUTE
    ../../division.s                         0x00000000   Number         0  aeabi_sdiv.o ABSOLUTE
    ../../divrt.s                            0x00000000   Number         0  divrt_7tdmi.o ABSOLUTE
    ../../divrt.s                            0x00000000   Number         0  divrt_7tdmi_div0.o ABSOLUTE
    ../../fpinit.s                           0x00000000   Number         0  fpinit.o ABSOLUTE
    ../../heapalloc.c                        0x00000000   Number         0  hrguard.o ABSOLUTE
    ../../heapaux.c                          0x00000000   Number         0  heapauxi.o ABSOLUTE
    ../../libinit.s                          0x00000000   Number         0  libinit2.o ABSOLUTE
    ../../libinit.s                          0x00000000   Number         0  libshutdown2.o ABSOLUTE
    ../../libinit.s                          0x00000000   Number         0  libshutdown.o ABSOLUTE
    ../../libinit.s                          0x00000000   Number         0  libinit.o ABSOLUTE
    ../../signal.c                           0x00000000   Number         0  defsig_other.o ABSOLUTE
    ../../signal.c                           0x00000000   Number         0  defsig_segv_inner.o ABSOLUTE
    ../../signal.c                           0x00000000   Number         0  defsig_cppl_inner.o ABSOLUTE
    ../../signal.c                           0x00000000   Number         0  defsig_pvfn_inner.o ABSOLUTE
    ../../signal.c                           0x00000000   Number         0  defsig_stak_inner.o ABSOLUTE
    ../../signal.c                           0x00000000   Number         0  defsig_rtmem_formal.o ABSOLUTE
    ../../signal.c                           0x00000000   Number         0  defsig_fpe_inner.o ABSOLUTE
    ../../signal.c                           0x00000000   Number         0  defsig_exit.o ABSOLUTE
    ../../signal.c                           0x00000000   Number         0  defsig_rtmem_outer.o ABSOLUTE
    ../../signal.c                           0x00000000   Number         0  defsig_rtred_inner.o ABSOLUTE
    ../../signal.c                           0x00000000   Number         0  defsig_abrt_inner.o ABSOLUTE
    ../../signal.c                           0x00000000   Number         0  __raise.o ABSOLUTE
    ../../signal.c                           0x00000000   Number         0  defsig_general.o ABSOLUTE
    ../../signal.c                           0x00000000   Number         0  defsig_rtmem_inner.o ABSOLUTE
    ../../signal.c                           0x00000000   Number         0  defsig_fpe_outer.o ABSOLUTE
    ../../signal.c                           0x00000000   Number         0  defsig_fpe_formal.o ABSOLUTE
    ../../signal.s                           0x00000000   Number         0  defsig.o ABSOLUTE
    ../../stdlib.c                           0x00000000   Number         0  exit.o ABSOLUTE
    IOcontrol.c                              0x00000000   Number         0  iocontrol.o ABSOLUTE
    KeyDataToSend.c                          0x00000000   Number         0  keydatatosend.o ABSOLUTE
    LPC2400.s                                0x00000000   Number         0  lpc2400.o ABSOLUTE
    dc.s                                     0x00000000   Number         0  dc.o ABSOLUTE
    main.c                                   0x00000000   Number         0  main.o ABSOLUTE
    time.c                                   0x00000000   Number         0  time.o ABSOLUTE
    uart0.c                                  0x00000000   Number         0  uart0.o ABSOLUTE
    uart1.c                                  0x00000000   Number         0  uart1.o ABSOLUTE
    uart2.c                                  0x00000000   Number         0  uart2.o ABSOLUTE
    uart3.c                                  0x00000000   Number         0  uart3.o ABSOLUTE
    Undef_Handler                            0x00000040   ARM Code       4  lpc2400.o(RESET)
    SWI_Handler                              0x00000044   ARM Code       4  lpc2400.o(RESET)
    PAbt_Handler                             0x00000048   ARM Code       4  lpc2400.o(RESET)
    DAbt_Handler                             0x0000004c   ARM Code       4  lpc2400.o(RESET)
    IRQ_Handler                              0x00000050   ARM Code       4  lpc2400.o(RESET)
    FIQ_Handler                              0x00000054   ARM Code       4  lpc2400.o(RESET)
    !!!main                                  0x0000034c   Section        8  __main.o(!!!main)
    !!!scatter                               0x00000354   Section       60  __scatter.o(!!!scatter)
    !!handler_copy                           0x00000390   Section       40  __scatter_copy.o(!!handler_copy)
    !!handler_zi                             0x000003b8   Section       44  __scatter_zi.o(!!handler_zi)
    .ARM.Collect$$libinit$$00000000          0x000003ec   Section        6  libinit.o(.ARM.Collect$$libinit$$00000000)
    .ARM.Collect$$libinit$$00000006          0x000003f2   Section        0  libinit2.o(.ARM.Collect$$libinit$$00000006)
    .ARM.Collect$$libinit$$00000008          0x000003f2   Section        0  libinit2.o(.ARM.Collect$$libinit$$00000008)
    .ARM.Collect$$libinit$$0000000A          0x000003f2   Section        0  libinit2.o(.ARM.Collect$$libinit$$0000000A)
    .ARM.Collect$$libinit$$0000000D          0x000003f2   Section        0  libinit2.o(.ARM.Collect$$libinit$$0000000D)
    .ARM.Collect$$libinit$$0000000F          0x000003f2   Section        0  libinit2.o(.ARM.Collect$$libinit$$0000000F)
    .ARM.Collect$$libinit$$00000011          0x000003f2   Section        0  libinit2.o(.ARM.Collect$$libinit$$00000011)
    .ARM.Collect$$libinit$$00000013          0x000003f2   Section        0  libinit2.o(.ARM.Collect$$libinit$$00000013)
    .ARM.Collect$$libinit$$00000015          0x000003f2   Section        0  libinit2.o(.ARM.Collect$$libinit$$00000015)
    .ARM.Collect$$libinit$$00000017          0x000003f2   Section        0  libinit2.o(.ARM.Collect$$libinit$$00000017)
    .ARM.Collect$$libinit$$00000019          0x000003f2   Section        0  libinit2.o(.ARM.Collect$$libinit$$00000019)
    .ARM.Collect$$libinit$$0000001B          0x000003f2   Section        0  libinit2.o(.ARM.Collect$$libinit$$0000001B)
    .ARM.Collect$$libinit$$0000001D          0x000003f2   Section        0  libinit2.o(.ARM.Collect$$libinit$$0000001D)
    .ARM.Collect$$libinit$$0000001F          0x000003f2   Section        0  libinit2.o(.ARM.Collect$$libinit$$0000001F)
    .ARM.Collect$$libinit$$00000021          0x000003f2   Section        0  libinit2.o(.ARM.Collect$$libinit$$00000021)
    .ARM.Collect$$libinit$$00000028          0x000003f2   Section        0  libinit2.o(.ARM.Collect$$libinit$$00000028)
    .ARM.Collect$$libinit$$0000002A          0x000003f2   Section        0  libinit2.o(.ARM.Collect$$libinit$$0000002A)
    .ARM.Collect$$libinit$$0000002C          0x000003f2   Section        0  libinit2.o(.ARM.Collect$$libinit$$0000002C)
    .ARM.Collect$$libinit$$0000002E          0x000003f2   Section        0  libinit2.o(.ARM.Collect$$libinit$$0000002E)
    .ARM.Collect$$libinit$$0000002F          0x000003f2   Section       12  libinit2.o(.ARM.Collect$$libinit$$0000002F)
    .ARM.Collect$$libshutdown$$00000000      0x00000408   Section        4  libshutdown.o(.ARM.Collect$$libshutdown$$00000000)
    .ARM.Collect$$libshutdown$$00000003      0x0000040c   Section        0  libshutdown2.o(.ARM.Collect$$libshutdown$$00000003)
    .ARM.Collect$$libshutdown$$00000006      0x0000040c   Section        0  libshutdown2.o(.ARM.Collect$$libshutdown$$00000006)
    .ARM.Collect$$libshutdown$$00000009      0x0000040c   Section        0  libshutdown2.o(.ARM.Collect$$libshutdown$$00000009)
    .ARM.Collect$$libshutdown$$0000000B      0x0000040c   Section        0  libshutdown2.o(.ARM.Collect$$libshutdown$$0000000B)
    .ARM.Collect$$libshutdown$$0000000E      0x0000040c   Section        0  libshutdown2.o(.ARM.Collect$$libshutdown$$0000000E)
    .ARM.Collect$$libshutdown$$0000000F      0x0000040c   Section        6  libshutdown2.o(.ARM.Collect$$libshutdown$$0000000F)
    .ARM.Collect$$rtentry$$00000000          0x00000414   Section        0  rtentry.o(.ARM.Collect$$rtentry$$00000000)
    .ARM.Collect$$rtentry$$00000002          0x00000414   Section        0  rtentry2.o(.ARM.Collect$$rtentry$$00000002)
    .ARM.Collect$$rtentry$$00000004          0x00000414   Section        8  rtentry4.o(.ARM.Collect$$rtentry$$00000004)
    .ARM.Collect$$rtentry$$00000009          0x0000041c   Section        0  rtentry2.o(.ARM.Collect$$rtentry$$00000009)
    .ARM.Collect$$rtentry$$0000000A          0x0000041c   Section        4  rtentry2.o(.ARM.Collect$$rtentry$$0000000A)
    .ARM.Collect$$rtentry$$0000000C          0x00000420   Section        0  rtentry2.o(.ARM.Collect$$rtentry$$0000000C)
    .ARM.Collect$$rtentry$$0000000D          0x00000420   Section       40  rtentry2.o(.ARM.Collect$$rtentry$$0000000D)
    .ARM.Collect$$rtexit$$00000000           0x0000044c   Section        4  rtexit.o(.ARM.Collect$$rtexit$$00000000)
    .ARM.Collect$$rtexit$$00000002           0x00000450   Section        0  rtexit2.o(.ARM.Collect$$rtexit$$00000002)
    .ARM.Collect$$rtexit$$00000003           0x00000450   Section        4  rtexit2.o(.ARM.Collect$$rtexit$$00000003)
    .ARM.Collect$$rtexit$$00000004           0x00000454   Section        8  rtexit2.o(.ARM.Collect$$rtexit$$00000004)
    .text                                    0x0000045c   Section       36  lpc2400.o(.text)
    .text                                    0x00000480   Section        0  main.o(.text)
    .text                                    0x00000960   Section        0  time.o(.text)
    .text                                    0x00000c40   Section        0  uart0.o(.text)
    .text                                    0x00001cc0   Section        0  uart1.o(.text)
    .text                                    0x00002898   Section        0  uart2.o(.text)
    .text                                    0x00003624   Section        0  uart3.o(.text)
    .text                                    0x00003f44   Section        0  iocontrol.o(.text)
    .text                                    0x000043f0   Section        0  keydatatosend.o(.text)
    .text                                    0x00007868   Section      384  aeabi_sdiv.o(.text)
    __arm_div8                               0x00007894   ARM Code       0  aeabi_sdiv.o(.text)
    __arm_div5                               0x000078b8   ARM Code       0  aeabi_sdiv.o(.text)
    __arm_div2                               0x000078dc   ARM Code       0  aeabi_sdiv.o(.text)
    __arm_div_large                          0x00007918   ARM Code       0  aeabi_sdiv.o(.text)
    .text                                    0x000079e8   Section        0  heapauxi.o(.text)
    .text                                    0x000079f0   Section       96  sys_stackheap_outer.o(.text)
    .text                                    0x00007a50   Section        0  exit.o(.text)
    .text                                    0x00007a5c   Section       12  libspace.o(.text)
    .text                                    0x00007a70   Section        0  sys_exit.o(.text)
    .text                                    0x00007a7c   Section       12  rt_fp_status_addr_intlibspace.o(.text)
    .text                                    0x00007a88   Section        4  use_no_semi.o(.text)
    .text                                    0x00007a8c   Section        0  indicate_semi.o(.text)
    .text_udiv                               0x00007a8c   Section       36  aeabi_sdiv.o(.text_udiv)
    x$fpl$fpinit                             0x00007ab4   Section       24  fpinit.o(x$fpl$fpinit)
    .constdata                               0x00007acc   Section      512  uart0.o(.constdata)
    auchCRCHi                                0x00007acc   Data         256  uart0.o(.constdata)
    auchCRCLo                                0x00007bcc   Data         256  uart0.o(.constdata)
    .data                                    0x40000000   Section       28  main.o(.data)
    .data                                    0x4000001c   Section       16  time.o(.data)
    .data                                    0x4000002c   Section       55  uart0.o(.data)
    .data                                    0x40000064   Section       36  uart1.o(.data)
    .data                                    0x40000088   Section       40  uart2.o(.data)
    .data                                    0x400000b0   Section       31  uart3.o(.data)
    .data                                    0x400000d0   Section       46  keydatatosend.o(.data)
    .bss                                     0x40000100   Section      850  uart0.o(.bss)
    .bss                                     0x40000452   Section      216  uart1.o(.bss)
    .bss                                     0x4000052a   Section      326  uart2.o(.bss)
    .bss                                     0x40000670   Section      120  uart3.o(.bss)
    .bss                                     0x400006e8   Section     1070  keydatatosend.o(.bss)
    .bss                                     0x40000b18   Section       96  libspace.o(.bss)
    HEAP                                     0x40000b78   Section     4096  lpc2400.o(HEAP)
    Heap_Mem                                 0x40000b78   Data        4096  lpc2400.o(HEAP)
    STACK                                    0x40001b78   Section     1288  lpc2400.o(STACK)
    Stack_Mem                                0x40001b78   Data        1024  lpc2400.o(STACK)
    Stack_Top                                0x40002080   Data           0  lpc2400.o(STACK)

    Global Symbols

    Symbol Name                              Value     Ov Type        Size  Object(Section)

    BuildAttributes$$THM_ISAv1$ARM_ISAv4$S$PE$A:L22$X:L11$S22$IEEE1$IW$USESV6$~STKCKD$USESV7$~SHL$OSPACE$ROPI$EBA8$UX$STANDARDLIB$REQ8$PRES8$EABIv2 0x00000000   Number         0  anon$$obj.o ABSOLUTE
    __ARM_use_no_argv                        0x00000000   Number         0  main.o ABSOLUTE
    __ARM_exceptions_init                     - Undefined Weak Reference
    __alloca_initialize                       - Undefined Weak Reference
    __cpp_initialize__aeabi_                  - Undefined Weak Reference
    __cxa_finalize                            - Undefined Weak Reference
    __rt_locale                               - Undefined Weak Reference
    __sigvec_lookup                           - Undefined Weak Reference
    _atexit_init                              - Undefined Weak Reference
    _call_atexit_fns                          - Undefined Weak Reference
    _clock_init                               - Undefined Weak Reference
    _fp_trap_init                             - Undefined Weak Reference
    _fp_trap_shutdown                         - Undefined Weak Reference
    _get_lc_collate                           - Undefined Weak Reference
    _get_lc_ctype                             - Undefined Weak Reference
    _get_lc_monetary                          - Undefined Weak Reference
    _get_lc_numeric                           - Undefined Weak Reference
    _get_lc_time                              - Undefined Weak Reference
    _getenv_init                              - Undefined Weak Reference
    _handle_redirection                       - Undefined Weak Reference
    _init_alloc                               - Undefined Weak Reference
    _init_user_alloc                          - Undefined Weak Reference
    _initio                                   - Undefined Weak Reference
    _rand_init                                - Undefined Weak Reference
    _signal_finish                            - Undefined Weak Reference
    _signal_init                              - Undefined Weak Reference
    _terminate_alloc                          - Undefined Weak Reference
    _terminate_user_alloc                     - Undefined Weak Reference
    _terminateio                              - Undefined Weak Reference
    Reset_Handler                            0x00000058   ARM Code       0  lpc2400.o(RESET)
    __main                                   0x0000034c   ARM Code       8  __main.o(!!!main)
    __scatterload                            0x00000354   ARM Code       0  __scatter.o(!!!scatter)
    __scatterload_rt2                        0x00000354   ARM Code      52  __scatter.o(!!!scatter)
    __scatterload_null                       0x00000368   ARM Code       0  __scatter.o(!!!scatter)
    __scatterload_copy                       0x00000390   ARM Code      40  __scatter_copy.o(!!handler_copy)
    __scatterload_zeroinit                   0x000003b8   ARM Code      44  __scatter_zi.o(!!handler_zi)
    Inline ARM to Thumb Veneer to __rt_lib_init 0x000003e4   ARM Code       8  libinit.o(.ARM.Collect$$libinit$$00000000)
    __rt_lib_init                            0x000003ed   Thumb Code     0  libinit.o(.ARM.Collect$$libinit$$00000000)
    __rt_lib_init_alloca_1                   0x000003f3   Thumb Code     0  libinit2.o(.ARM.Collect$$libinit$$0000002A)
    __rt_lib_init_argv_1                     0x000003f3   Thumb Code     0  libinit2.o(.ARM.Collect$$libinit$$00000028)
    __rt_lib_init_atexit_1                   0x000003f3   Thumb Code     0  libinit2.o(.ARM.Collect$$libinit$$00000017)
    __rt_lib_init_clock_1                    0x000003f3   Thumb Code     0  libinit2.o(.ARM.Collect$$libinit$$0000001D)
    __rt_lib_init_cpp_1                      0x000003f3   Thumb Code     0  libinit2.o(.ARM.Collect$$libinit$$0000002E)
    __rt_lib_init_exceptions_1               0x000003f3   Thumb Code     0  libinit2.o(.ARM.Collect$$libinit$$0000002C)
    __rt_lib_init_fp_trap_1                  0x000003f3   Thumb Code     0  libinit2.o(.ARM.Collect$$libinit$$0000001B)
    __rt_lib_init_getenv_1                   0x000003f3   Thumb Code     0  libinit2.o(.ARM.Collect$$libinit$$0000001F)
    __rt_lib_init_heap_1                     0x000003f3   Thumb Code     0  libinit2.o(.ARM.Collect$$libinit$$00000006)
    __rt_lib_init_lc_collate_1               0x000003f3   Thumb Code     0  libinit2.o(.ARM.Collect$$libinit$$0000000D)
    __rt_lib_init_lc_ctype_1                 0x000003f3   Thumb Code     0  libinit2.o(.ARM.Collect$$libinit$$0000000F)
    __rt_lib_init_lc_monetary_1              0x000003f3   Thumb Code     0  libinit2.o(.ARM.Collect$$libinit$$00000011)
    __rt_lib_init_lc_numeric_1               0x000003f3   Thumb Code     0  libinit2.o(.ARM.Collect$$libinit$$00000013)
    __rt_lib_init_lc_time_1                  0x000003f3   Thumb Code     0  libinit2.o(.ARM.Collect$$libinit$$00000015)
    __rt_lib_init_rand_1                     0x000003f3   Thumb Code     0  libinit2.o(.ARM.Collect$$libinit$$0000000A)
    __rt_lib_init_return                     0x000003f3   Thumb Code     0  libinit2.o(.ARM.Collect$$libinit$$0000002F)
    __rt_lib_init_signal_1                   0x000003f3   Thumb Code     0  libinit2.o(.ARM.Collect$$libinit$$00000019)
    __rt_lib_init_stdio_1                    0x000003f3   Thumb Code     0  libinit2.o(.ARM.Collect$$libinit$$00000021)
    __rt_lib_init_user_alloc_1               0x000003f3   Thumb Code     0  libinit2.o(.ARM.Collect$$libinit$$00000008)
    Inline ARM to Thumb Veneer to __rt_lib_shutdown 0x00000400   ARM Code       8  libshutdown.o(.ARM.Collect$$libshutdown$$00000000)
    __rt_lib_shutdown                        0x00000409   Thumb Code     0  libshutdown.o(.ARM.Collect$$libshutdown$$00000000)
    __rt_lib_shutdown_fp_trap_1              0x0000040d   Thumb Code     0  libshutdown2.o(.ARM.Collect$$libshutdown$$00000006)
    __rt_lib_shutdown_heap_1                 0x0000040d   Thumb Code     0  libshutdown2.o(.ARM.Collect$$libshutdown$$0000000E)
    __rt_lib_shutdown_return                 0x0000040d   Thumb Code     0  libshutdown2.o(.ARM.Collect$$libshutdown$$0000000F)
    __rt_lib_shutdown_signal_1               0x0000040d   Thumb Code     0  libshutdown2.o(.ARM.Collect$$libshutdown$$00000009)
    __rt_lib_shutdown_stdio_1                0x0000040d   Thumb Code     0  libshutdown2.o(.ARM.Collect$$libshutdown$$00000003)
    __rt_lib_shutdown_user_alloc_1           0x0000040d   Thumb Code     0  libshutdown2.o(.ARM.Collect$$libshutdown$$0000000B)
    __rt_entry                               0x00000414   ARM Code       0  rtentry.o(.ARM.Collect$$rtentry$$00000000)
    __rt_entry_presh_1                       0x00000414   ARM Code       0  rtentry2.o(.ARM.Collect$$rtentry$$00000002)
    __rt_entry_sh                            0x00000414   ARM Code       0  rtentry4.o(.ARM.Collect$$rtentry$$00000004)
    __rt_entry_li                            0x0000041c   ARM Code       0  rtentry2.o(.ARM.Collect$$rtentry$$0000000A)
    __rt_entry_postsh_1                      0x0000041c   ARM Code       0  rtentry2.o(.ARM.Collect$$rtentry$$00000009)
    __rt_entry_main                          0x00000420   ARM Code       0  rtentry2.o(.ARM.Collect$$rtentry$$0000000D)
    __rt_entry_postli_1                      0x00000420   ARM Code       0  rtentry2.o(.ARM.Collect$$rtentry$$0000000C)
    Inline Thumb to ARM Veneer to __rt_exit  0x00000449   Thumb Code     4  rtexit.o(.ARM.Collect$$rtexit$$00000000)
    __rt_exit                                0x0000044c   ARM Code       0  rtexit.o(.ARM.Collect$$rtexit$$00000000)
    __rt_exit_ls                             0x00000450   ARM Code       0  rtexit2.o(.ARM.Collect$$rtexit$$00000003)
    __rt_exit_prels_1                        0x00000450   ARM Code       0  rtexit2.o(.ARM.Collect$$rtexit$$00000002)
    __rt_exit_exit                           0x00000454   ARM Code       0  rtexit2.o(.ARM.Collect$$rtexit$$00000004)
    __user_initial_stackheap                 0x0000045c   ARM Code       0  lpc2400.o(.text)
    IOInit                                   0x00000480   ARM Code      60  main.o(.text)
    TxEN_Init                                0x000004bc   ARM Code      76  main.o(.text)
    IRQ_ADC                                  0x00000508   ARM Code     112  main.o(.text)
    UART0_SendByte                           0x00000578   ARM Code      32  main.o(.text)
    PC_DispChar                              0x00000598   ARM Code      60  main.o(.text)
    UART0_IniDft                             0x000005d4   ARM Code      96  main.o(.text)
    ISendStr                                 0x00000634   ARM Code     104  main.o(.text)
    ADCIni                                   0x0000069c   ARM Code     100  main.o(.text)
    IniWDT                                   0x00000700   ARM Code      32  main.o(.text)
    FeedWDT                                  0x00000720   ARM Code      24  main.o(.text)
    delay                                    0x00000738   ARM Code      24  main.o(.text)
    reverse_light2                           0x00000750   ARM Code     148  main.o(.text)
    Timer0_CapInt                            0x000007e4   ARM Code     160  main.o(.text)
    iniCapTime0                              0x00000884   ARM Code     120  main.o(.text)
    main                                     0x000008fc   ARM Code      20  main.o(.text)
    reverse_light                            0x00000960   ARM Code      84  time.o(.text)
    IRQ_Time0                                0x000009b4   ARM Code      48  time.o(.text)
    IRQ_Timer1                               0x000009e4   ARM Code     280  time.o(.text)
    Time0Init                                0x00000afc   ARM Code     152  time.o(.text)
    Timer1_Init                              0x00000b94   ARM Code     116  time.o(.text)
    DelayNS                                  0x00000c40   ARM Code      44  uart0.o(.text)
    IRQ_UART0                                0x00000c6c   ARM Code     264  uart0.o(.text)
    UART0_Ini                                0x00000d74   ARM Code     176  uart0.o(.text)
    UART0_IniByBuad                          0x00000e24   ARM Code     192  uart0.o(.text)
    CRC16                                    0x00000ee4   ARM Code      96  uart0.o(.text)
    Tx0_EN                                   0x00000f44   ARM Code     100  uart0.o(.text)
    Tx1_EN                                   0x00000fa8   ARM Code     100  uart0.o(.text)
    Tx2_EN                                   0x0000100c   ARM Code     100  uart0.o(.text)
    Tx3_EN                                   0x00001070   ARM Code     116  uart0.o(.text)
    Load_sendBuffer                          0x000010e4   ARM Code     116  uart0.o(.text)
    T0_check                                 0x00001158   ARM Code    1092  uart0.o(.text)
    ReFreshBuff                              0x0000159c   ARM Code      60  uart0.o(.text)
    T0_recCheck                              0x000015d8   ARM Code     868  uart0.o(.text)
    UART0_SendData                           0x0000193c   ARM Code     868  uart0.o(.text)
    QueryTheAddress                          0x00001ca0   ARM Code      32  uart0.o(.text)
    IRQ_UART1                                0x00001cc0   ARM Code     272  uart1.o(.text)
    UART1_Ini                                0x00001dd0   ARM Code     192  uart1.o(.text)
    T1_check                                 0x00001e90   ARM Code     812  uart1.o(.text)
    T1_recCheck                              0x000021bc   ARM Code     916  uart1.o(.text)
    LoadT1ReadHeartBuff                      0x00002550   ARM Code     124  uart1.o(.text)
    LoadT1WriteHeartBuff                     0x000025cc   ARM Code     160  uart1.o(.text)
    LoadT1SendDataBuff                       0x0000266c   ARM Code     304  uart1.o(.text)
    UART1_SendData                           0x0000279c   ARM Code     120  uart1.o(.text)
    IRQ_UART2                                0x00002898   ARM Code     264  uart2.o(.text)
    UART2_Ini                                0x000029a0   ARM Code     196  uart2.o(.text)
    T2_check                                 0x00002a64   ARM Code     884  uart2.o(.text)
    Load_switchToAFCdataBuff                 0x00002dd8   ARM Code     444  uart2.o(.text)
    UART2_SendData                           0x00002f94   ARM Code     484  uart2.o(.text)
    T2_recCheck                              0x00003178   ARM Code     972  uart2.o(.text)
    IRQ_UART3                                0x00003624   ARM Code     264  uart3.o(.text)
    UART3_Ini                                0x0000372c   ARM Code     196  uart3.o(.text)
    T3_check                                 0x000037f0   ARM Code     652  uart3.o(.text)
    LoadT3_sendBuff                          0x00003a7c   ARM Code     332  uart3.o(.text)
    GetUart3KeyInfo                          0x00003bc8   ARM Code     184  uart3.o(.text)
    T3_recCheck                              0x00003c80   ARM Code     544  uart3.o(.text)
    IOinit                                   0x00003f44   ARM Code     188  iocontrol.o(.text)
    KS8_DelayOn                              0x00004000   ARM Code      56  iocontrol.o(.text)
    KS7_DelayOn                              0x00004038   ARM Code      56  iocontrol.o(.text)
    KS6_DelayOn                              0x00004070   ARM Code      56  iocontrol.o(.text)
    KS5_DelayOn                              0x000040a8   ARM Code      56  iocontrol.o(.text)
    KS4_DelayOn                              0x000040e0   ARM Code      56  iocontrol.o(.text)
    KS3_DelayOn                              0x00004118   ARM Code      56  iocontrol.o(.text)
    KS2_DelayOn                              0x00004150   ARM Code      56  iocontrol.o(.text)
    KS1_DelayOn                              0x00004188   ARM Code      56  iocontrol.o(.text)
    checkWriteCMD                            0x000041c0   ARM Code     176  iocontrol.o(.text)
    CheckIOpin                               0x00004270   ARM Code     300  iocontrol.o(.text)
    refreshWriteBuff                         0x0000439c   ARM Code      60  iocontrol.o(.text)
    UpdateNewJOSdata                         0x000043f0   ARM Code     112  keydatatosend.o(.text)
    UpdateNewLLdata                          0x00004460   ARM Code     252  keydatatosend.o(.text)
    UpdateOldLLdata                          0x0000455c   ARM Code      16  keydatatosend.o(.text)
    UpdateOldJOSdata                         0x0000456c   ARM Code       4  keydatatosend.o(.text)
    changeBit                                0x00004570   ARM Code     120  keydatatosend.o(.text)
    RchangeBit                               0x000045e8   ARM Code     120  keydatatosend.o(.text)
    XianDaoSetnew                            0x00004660   ARM Code     108  keydatatosend.o(.text)
    XianDaoSet                               0x000046cc   ARM Code     180  keydatatosend.o(.text)
    LoadLL1DatatoSendtoJOS2                  0x00004780   ARM Code    4492  keydatatosend.o(.text)
    LoadLL2DatatoSendtoJOS2                  0x0000590c   ARM Code    2948  keydatatosend.o(.text)
    LoadLL3DatatoSendtoJOS2                  0x00006490   ARM Code    5052  keydatatosend.o(.text)
    __aeabi_idiv                             0x00007868   ARM Code       0  aeabi_sdiv.o(.text)
    __aeabi_idivmod                          0x00007868   ARM Code     384  aeabi_sdiv.o(.text)
    __use_two_region_memory                  0x000079e9   Thumb Code     2  heapauxi.o(.text)
    __rt_heap_escrow$2region                 0x000079eb   Thumb Code     2  heapauxi.o(.text)
    __rt_heap_expand$2region                 0x000079ed   Thumb Code     2  heapauxi.o(.text)
    __user_setup_stackheap                   0x000079f0   ARM Code      96  sys_stackheap_outer.o(.text)
    exit                                     0x00007a51   Thumb Code    12  exit.o(.text)
    __user_libspace                          0x00007a5c   ARM Code      12  libspace.o(.text)
    __user_perproc_libspace                  0x00007a5c   ARM Code       0  libspace.o(.text)
    __user_perthread_libspace                0x00007a5c   ARM Code       0  libspace.o(.text)
    Inline ARM to Thumb Veneer to _sys_exit  0x00007a68   ARM Code       8  sys_exit.o(.text)
    _sys_exit                                0x00007a71   Thumb Code     8  sys_exit.o(.text)
    __rt_fp_status_addr                      0x00007a7c   ARM Code      12  rt_fp_status_addr_intlibspace.o(.text)
    __I$use$semihosting                      0x00007a88   ARM Code       0  use_no_semi.o(.text)
    __use_no_semihosting_swi                 0x00007a88   ARM Code       4  use_no_semi.o(.text)
    __aeabi_uidiv                            0x00007a8c   ARM Code       0  aeabi_sdiv.o(.text_udiv)
    __aeabi_uidivmod                         0x00007a8c   ARM Code      36  aeabi_sdiv.o(.text_udiv)
    __semihosting_library_function           0x00007a8c   ARM Code       0  indicate_semi.o(.text)
    Inline Thumb to ARM Veneer to _fp_init   0x00007ab1   Thumb Code     4  fpinit.o(x$fpl$fpinit)
    _fp_init                                 0x00007ab4   ARM Code      24  fpinit.o(x$fpl$fpinit)
    __fplib_config_pureend_doubles           0x00007ac4   ARM Code       0  fpinit.o(x$fpl$fpinit)
    Region$$Table$$Base                      0x00007ccc   Number         0  anon$$obj.o(Region$$Table)
    Region$$Table$$Limit                     0x00007cec   Number         0  anon$$obj.o(Region$$Table)
    tBuff                                    0x40000000   Data           6  main.o(.data)
    addr0_data                               0x40000008   Data           4  main.o(.data)
    testff                                   0x4000000c   Data           1  main.o(.data)
    CRC_lowdata                              0x4000000d   Data           1  main.o(.data)
    CRC_highdata                             0x4000000e   Data           1  main.o(.data)
    ADC_Send_Enable                          0x4000000f   Data           1  main.o(.data)
    canlighton                               0x40000010   Data           1  main.o(.data)
    ADC_Data                                 0x40000014   Data           4  main.o(.data)
    light_on2                                0x40000018   Data           4  main.o(.data)
    light_on                                 0x4000001c   Data           2  time.o(.data)
    testF                                    0x4000001e   Data           1  time.o(.data)
    secondTwo                                0x40000020   Data           2  time.o(.data)
    Msencond300                              0x40000022   Data           2  time.o(.data)
    lastT0CR0                                0x40000024   Data           4  time.o(.data)
    tmpCalHZ                                 0x40000028   Data           4  time.o(.data)
    ToBeQueryAddress                         0x4000002c   Data           1  uart0.o(.data)
    EnsureQueryAddress                       0x4000002d   Data           1  uart0.o(.data)
    send                                     0x4000002e   Data           9  uart0.o(.data)
    T0_sendCount                             0x40000037   Data           1  uart0.o(.data)
    T0_sendIndex                             0x40000038   Data           1  uart0.o(.data)
    T0_haveRecData                           0x40000039   Data           1  uart0.o(.data)
    T0_recCount                              0x4000003a   Data           1  uart0.o(.data)
    T0_PermitRecFlag                         0x4000003b   Data           1  uart0.o(.data)
    T0_ItsRecTime                            0x4000003c   Data           1  uart0.o(.data)
    T0_Need_reply                            0x4000003d   Data           1  uart0.o(.data)
    T0_beforeSendCount                       0x4000003e   Data           1  uart0.o(.data)
    T0_realSend                              0x4000003f   Data           1  uart0.o(.data)
    T0_SendFrameNum                          0x40000040   Data           1  uart0.o(.data)
    T0_receive_time                          0x40000042   Data           2  uart0.o(.data)
    T0_sendComp_time                         0x40000044   Data           2  uart0.o(.data)
    T0_beforeSendValue                       0x40000046   Data           2  uart0.o(.data)
    T0_haveRecDone                           0x40000048   Data           1  uart0.o(.data)
    buffer                                   0x40000049   Data           1  uart0.o(.data)
    SendNextFlag                             0x4000004a   Data           1  uart0.o(.data)
    SendSameTimes                            0x4000004b   Data           1  uart0.o(.data)
    T0_Send_Length                           0x4000004c   Data           1  uart0.o(.data)
    T0_sendOverTimeCount                     0x4000004d   Data           1  uart0.o(.data)
    T0_sendOverTimeValue                     0x4000004e   Data           2  uart0.o(.data)
    T0_YlToLLHeartBeatValue1                 0x40000050   Data           1  uart0.o(.data)
    T0_YlToLLHeartBeatValue2                 0x40000051   Data           1  uart0.o(.data)
    T0_YlToLLHeartBeatValue3                 0x40000052   Data           1  uart0.o(.data)
    LastT0_YlToLLHeartBeatValue1             0x40000053   Data           1  uart0.o(.data)
    LastT0_YlToLLHeartBeatValue2             0x40000054   Data           1  uart0.o(.data)
    LastT0_YlToLLHeartBeatValue3             0x40000055   Data           1  uart0.o(.data)
    uart0NormalFlag1                         0x40000056   Data           1  uart0.o(.data)
    uart0NormalFlag2                         0x40000057   Data           1  uart0.o(.data)
    uart0NormalFlag3                         0x40000058   Data           1  uart0.o(.data)
    MonitorAddr3Value                        0x40000059   Data           1  uart0.o(.data)
    uart0HaveNormaledFlag1                   0x4000005a   Data           1  uart0.o(.data)
    uart0HaveNormaledFlag2                   0x4000005b   Data           1  uart0.o(.data)
    uart0HaveNormaledFlag3                   0x4000005c   Data           1  uart0.o(.data)
    T0_beforePullBusCount                    0x4000005d   Data           1  uart0.o(.data)
    T0_YlToLL_CalHeartBeatValue              0x4000005e   Data           2  uart0.o(.data)
    T0_beforePullBusValue                    0x40000060   Data           2  uart0.o(.data)
    check3500Time                            0x40000062   Data           1  uart0.o(.data)
    T1_StepSendNum                           0x40000064   Data           1  uart1.o(.data)
    T1_sendCount                             0x40000065   Data           1  uart1.o(.data)
    T1_sendIndex                             0x40000066   Data           1  uart1.o(.data)
    T1_haveRecData                           0x40000067   Data           1  uart1.o(.data)
    T1_recCount                              0x40000068   Data           1  uart1.o(.data)
    T1_PermitRecFlag                         0x40000069   Data           1  uart1.o(.data)
    T1_receive_time                          0x4000006a   Data           2  uart1.o(.data)
    T1_sendComp_time                         0x4000006c   Data           2  uart1.o(.data)
    T1_haveRecDone                           0x4000006e   Data           1  uart1.o(.data)
    T1_beforeSendCount                       0x4000006f   Data           1  uart1.o(.data)
    T1_realSend                              0x40000070   Data           1  uart1.o(.data)
    T1_ItsRecTime                            0x40000071   Data           1  uart1.o(.data)
    T1_sendOverTimeValue                     0x40000072   Data           2  uart1.o(.data)
    T1_StepSendFlag                          0x40000074   Data           1  uart1.o(.data)
    T1_WriteSequence                         0x40000075   Data           1  uart1.o(.data)
    T1_Send_Length                           0x40000076   Data           1  uart1.o(.data)
    T1_sendOverTimeCount                     0x40000077   Data           1  uart1.o(.data)
    T1_beforeSendValue                       0x40000078   Data           2  uart1.o(.data)
    T1_YlToJOS2_CalHeartBeatValue            0x4000007a   Data           2  uart1.o(.data)
    T1_beforePullBusValue                    0x4000007c   Data           2  uart1.o(.data)
    uart1NormalFlag                          0x4000007e   Data           1  uart1.o(.data)
    uart1HaveNormaledFlag                    0x4000007f   Data           1  uart1.o(.data)
    T1_beforePullBusCount                    0x40000080   Data           1  uart1.o(.data)
    LastT1_HeartBeatValue                    0x40000082   Data           2  uart1.o(.data)
    T1_HeartBeatValue                        0x40000084   Data           2  uart1.o(.data)
    T1_333ms                                 0x40000086   Data           2  uart1.o(.data)
    T2_sendCount                             0x40000088   Data           1  uart2.o(.data)
    T2_sendIndex                             0x40000089   Data           1  uart2.o(.data)
    T2_haveRecData                           0x4000008a   Data           1  uart2.o(.data)
    T2_recCount                              0x4000008b   Data           1  uart2.o(.data)
    T2_PermitRecFlag                         0x4000008c   Data           1  uart2.o(.data)
    T2_receive_time                          0x4000008e   Data           2  uart2.o(.data)
    T2_sendComp_time                         0x40000090   Data           2  uart2.o(.data)
    T2_haveRecDone                           0x40000092   Data           1  uart2.o(.data)
    T2_beforeSendCount                       0x40000093   Data           1  uart2.o(.data)
    T2_realSend                              0x40000094   Data           1  uart2.o(.data)
    T2_ItsRecTime                            0x40000095   Data           1  uart2.o(.data)
    T2_sendOverTimeValue                     0x40000096   Data           2  uart2.o(.data)
    T2_Send_Length                           0x40000098   Data           1  uart2.o(.data)
    T2_sendOverTimeCount                     0x40000099   Data           1  uart2.o(.data)
    T2_beforeSendValue                       0x4000009a   Data           2  uart2.o(.data)
    T2_StepSend                              0x4000009c   Data           1  uart2.o(.data)
    T2_sendType                              0x4000009d   Data           1  uart2.o(.data)
    EstablishHealthyFlag                     0x4000009e   Data           1  uart2.o(.data)
    EstablishHealthyValue                    0x4000009f   Data           1  uart2.o(.data)
    uart2NormalFlag                          0x400000a0   Data           1  uart2.o(.data)
    uart2HaveNormaledFlag                    0x400000a1   Data           1  uart2.o(.data)
    LL_AFCselectedDriverStarted              0x400000a2   Data           1  uart2.o(.data)
    EstablishHealthyFlagHaveGived            0x400000a3   Data           1  uart2.o(.data)
    T2_beforePullBusCount                    0x400000a4   Data           1  uart2.o(.data)
    T2_JosToYl_CalHeartBeatValue             0x400000a6   Data           2  uart2.o(.data)
    T2_beforePullBusValue                    0x400000a8   Data           2  uart2.o(.data)
    switchToAFC_heartBeat                    0x400000aa   Data           2  uart2.o(.data)
    JosToYlHeartBeatValue                    0x400000ac   Data           2  uart2.o(.data)
    LastJosToYlHeartBeatValue                0x400000ae   Data           2  uart2.o(.data)
    T3_sendCount                             0x400000b0   Data           1  uart3.o(.data)
    T3_sendIndex                             0x400000b1   Data           1  uart3.o(.data)
    T3_haveRecData                           0x400000b2   Data           1  uart3.o(.data)
    T3_recCount                              0x400000b3   Data           1  uart3.o(.data)
    T3_PermitRecFlag                         0x400000b4   Data           1  uart3.o(.data)
    T3_receive_time                          0x400000b6   Data           2  uart3.o(.data)
    T3_sendComp_time                         0x400000b8   Data           2  uart3.o(.data)
    T3_haveRecDone                           0x400000ba   Data           1  uart3.o(.data)
    T3_beforeSendCount                       0x400000bb   Data           1  uart3.o(.data)
    T3_realSend                              0x400000bc   Data           1  uart3.o(.data)
    T3_ItsRecTime                            0x400000bd   Data           1  uart3.o(.data)
    T3_sendOverTimeValue                     0x400000be   Data           2  uart3.o(.data)
    T3_Send_Length                           0x400000c0   Data           1  uart3.o(.data)
    T3_sendOverTimeCount                     0x400000c1   Data           1  uart3.o(.data)
    T3_beforeSendValue                       0x400000c2   Data           2  uart3.o(.data)
    AFCToswitch_heartBeat                    0x400000c4   Data           1  uart3.o(.data)
    T3_YlToLL3500_CalHeartBeatValue          0x400000c6   Data           2  uart3.o(.data)
    T3_beforePullBusValue                    0x400000c8   Data           2  uart3.o(.data)
    YlToLL3500HeartBeatValue                 0x400000ca   Data           1  uart3.o(.data)
    LastYlToLL3500HeartBeatValue             0x400000cb   Data           1  uart3.o(.data)
    uart3NormalFlag                          0x400000cc   Data           1  uart3.o(.data)
    uart3HaveNormaledFlag                    0x400000cd   Data           1  uart3.o(.data)
    T3_beforePullBusCount                    0x400000ce   Data           1  uart3.o(.data)
    newAFC_Drives_Selected                   0x400000d0   Data           1  keydatatosend.o(.data)
    CommandCloseAFCcontactors                0x400000d1   Data           1  keydatatosend.o(.data)
    CommandCloseCrushercontactors            0x400000d2   Data           1  keydatatosend.o(.data)
    CommandCloseBSLcontactors                0x400000d3   Data           1  keydatatosend.o(.data)
    newAFCDelayShutDown                      0x400000d4   Data           1  keydatatosend.o(.data)
    AFC_MGBP_I                               0x400000d6   Data           2  keydatatosend.o(.data)
    AFC_MGEP_I                               0x400000d8   Data           2  keydatatosend.o(.data)
    AFC_TG_I                                 0x400000da   Data           2  keydatatosend.o(.data)
    AFC_MGBP_U                               0x400000dc   Data           2  keydatatosend.o(.data)
    AFC_MGEP_U                               0x400000de   Data           2  keydatatosend.o(.data)
    AFC_TG_U                                 0x400000e0   Data           2  keydatatosend.o(.data)
    AFC_breakStat_MGBP                       0x400000e2   Data           1  keydatatosend.o(.data)
    AFC_breakStat_MGEP                       0x400000e3   Data           1  keydatatosend.o(.data)
    AFC_breakStat_TG                         0x400000e4   Data           1  keydatatosend.o(.data)
    BSL_Motor_I                              0x400000e6   Data           2  keydatatosend.o(.data)
    BSL_Motor_U                              0x400000e8   Data           2  keydatatosend.o(.data)
    BSL_breakStat                            0x400000ea   Data           1  keydatatosend.o(.data)
    Crusher_Motor_I                          0x400000ec   Data           2  keydatatosend.o(.data)
    Crusher_Motor_U                          0x400000ee   Data           2  keydatatosend.o(.data)
    Crusher_breakStat                        0x400000f0   Data           1  keydatatosend.o(.data)
    Shearer_I                                0x400000f2   Data           2  keydatatosend.o(.data)
    Shearer_U                                0x400000f4   Data           2  keydatatosend.o(.data)
    Shearer_breakStat                        0x400000f6   Data           1  keydatatosend.o(.data)
    Crusher_Closed                           0x400000f7   Data           1  keydatatosend.o(.data)
    BSL_Closed                               0x400000f8   Data           1  keydatatosend.o(.data)
    MGBP_Closed                              0x400000f9   Data           1  keydatatosend.o(.data)
    MGEP_Closed                              0x400000fa   Data           1  keydatatosend.o(.data)
    TG_Closed                                0x400000fb   Data           1  keydatatosend.o(.data)
    LLswitchDrivesSelected                   0x400000fc   Data           1  keydatatosend.o(.data)
    AFCRunSignal                             0x400000fd   Data           1  keydatatosend.o(.data)
    T0_Rec_Buffer                            0x40000100   Data         200  uart0.o(.bss)
    T0_Send_Buffer                           0x400001c8   Data          10  uart0.o(.bss)
    DataBuffer1                              0x400001d2   Data         240  uart0.o(.bss)
    DataBuffer2                              0x400002c2   Data         200  uart0.o(.bss)
    DataBuffer3                              0x4000038a   Data         200  uart0.o(.bss)
    T1_Rec_Buffer                            0x40000452   Data          50  uart1.o(.bss)
    T1_Send_Buffer                           0x40000484   Data         130  uart1.o(.bss)
    QBCReadBuff                              0x40000506   Data          18  uart1.o(.bss)
    QBCWriteBuff                             0x40000518   Data          18  uart1.o(.bss)
    T2_Rec_Buffer                            0x4000052a   Data          50  uart2.o(.bss)
    T2_Send_Buffer                           0x4000055c   Data         200  uart2.o(.bss)
    switchToAFCdataBuff                      0x40000624   Data          76  uart2.o(.bss)
    T3_Rec_Buffer                            0x40000670   Data         100  uart3.o(.bss)
    T3_Send_Buffer                           0x400006d4   Data          20  uart3.o(.bss)
    JosBuff1                                 0x400006e8   Data         380  keydatatosend.o(.bss)
    JosBuff2                                 0x40000864   Data         240  keydatatosend.o(.bss)
    JosBuff3                                 0x40000954   Data         450  keydatatosend.o(.bss)
    __libspace_start                         0x40000b18   Data          96  libspace.o(.bss)
    __temporary_stack_top$libspace           0x40000b78   Data           0  libspace.o(.bss)



==============================================================================

Memory Map of the image

  Image Entry point : 0x0000034c

  Load Region LR_IROM1 (Base: 0x00000000, Size: 0x00007dec, Max: 0x00080000, ABSOLUTE)

    Execution Region ER_IROM1 (Base: 0x00000000, Size: 0x00007cec, Max: 0x00080000, ABSOLUTE)

    Base Addr    Size         Type   Attr      Idx    E Section Name        Object

    0x00000000   0x0000034c   Code   RO            3    RESET               lpc2400.o
    0x0000034c   0x00000008   Code   RO          215  * !!!main             c_t.l(__main.o)
    0x00000354   0x0000003c   Code   RO          384    !!!scatter          c_t.l(__scatter.o)
    0x00000390   0x00000028   Code   RO          386    !!handler_copy      c_t.l(__scatter_copy.o)
    0x000003b8   0x0000002c   Code   RO          388    !!handler_zi        c_t.l(__scatter_zi.o)
    0x000003e4   0x00000008   Ven    RO          252    .ARM.Collect$$libinit$$00000000  c_t.l(libinit.o)
    0x000003ec   0x00000006   Code   RO          252    .ARM.Collect$$libinit$$00000000  c_t.l(libinit.o)
    0x000003f2   0x00000000   Code   RO          266    .ARM.Collect$$libinit$$00000006  c_t.l(libinit2.o)
    0x000003f2   0x00000000   Code   RO          268    .ARM.Collect$$libinit$$00000008  c_t.l(libinit2.o)
    0x000003f2   0x00000000   Code   RO          270    .ARM.Collect$$libinit$$0000000A  c_t.l(libinit2.o)
    0x000003f2   0x00000000   Code   RO          273    .ARM.Collect$$libinit$$0000000D  c_t.l(libinit2.o)
    0x000003f2   0x00000000   Code   RO          275    .ARM.Collect$$libinit$$0000000F  c_t.l(libinit2.o)
    0x000003f2   0x00000000   Code   RO          277    .ARM.Collect$$libinit$$00000011  c_t.l(libinit2.o)
    0x000003f2   0x00000000   Code   RO          279    .ARM.Collect$$libinit$$00000013  c_t.l(libinit2.o)
    0x000003f2   0x00000000   Code   RO          281    .ARM.Collect$$libinit$$00000015  c_t.l(libinit2.o)
    0x000003f2   0x00000000   Code   RO          283    .ARM.Collect$$libinit$$00000017  c_t.l(libinit2.o)
    0x000003f2   0x00000000   Code   RO          285    .ARM.Collect$$libinit$$00000019  c_t.l(libinit2.o)
    0x000003f2   0x00000000   Code   RO          287    .ARM.Collect$$libinit$$0000001B  c_t.l(libinit2.o)
    0x000003f2   0x00000000   Code   RO          289    .ARM.Collect$$libinit$$0000001D  c_t.l(libinit2.o)
    0x000003f2   0x00000000   Code   RO          291    .ARM.Collect$$libinit$$0000001F  c_t.l(libinit2.o)
    0x000003f2   0x00000000   Code   RO          293    .ARM.Collect$$libinit$$00000021  c_t.l(libinit2.o)
    0x000003f2   0x00000000   Code   RO          297    .ARM.Collect$$libinit$$00000028  c_t.l(libinit2.o)
    0x000003f2   0x00000000   Code   RO          299    .ARM.Collect$$libinit$$0000002A  c_t.l(libinit2.o)
    0x000003f2   0x00000000   Code   RO          301    .ARM.Collect$$libinit$$0000002C  c_t.l(libinit2.o)
    0x000003f2   0x00000000   Code   RO          303    .ARM.Collect$$libinit$$0000002E  c_t.l(libinit2.o)
    0x000003f2   0x0000000c   Code   RO          304    .ARM.Collect$$libinit$$0000002F  c_t.l(libinit2.o)
    0x000003fe   0x00000002   PAD
    0x00000400   0x00000008   Ven    RO          342    .ARM.Collect$$libshutdown$$00000000  c_t.l(libshutdown.o)
    0x00000408   0x00000004   Code   RO          342    .ARM.Collect$$libshutdown$$00000000  c_t.l(libshutdown.o)
    0x0000040c   0x00000000   Code   RO          369    .ARM.Collect$$libshutdown$$00000003  c_t.l(libshutdown2.o)
    0x0000040c   0x00000000   Code   RO          372    .ARM.Collect$$libshutdown$$00000006  c_t.l(libshutdown2.o)
    0x0000040c   0x00000000   Code   RO          375    .ARM.Collect$$libshutdown$$00000009  c_t.l(libshutdown2.o)
    0x0000040c   0x00000000   Code   RO          377    .ARM.Collect$$libshutdown$$0000000B  c_t.l(libshutdown2.o)
    0x0000040c   0x00000000   Code   RO          380    .ARM.Collect$$libshutdown$$0000000E  c_t.l(libshutdown2.o)
    0x0000040c   0x00000006   Code   RO          381    .ARM.Collect$$libshutdown$$0000000F  c_t.l(libshutdown2.o)
    0x00000412   0x00000002   PAD
    0x00000414   0x00000000   Code   RO          217    .ARM.Collect$$rtentry$$00000000  c_t.l(rtentry.o)
    0x00000414   0x00000000   Code   RO          223    .ARM.Collect$$rtentry$$00000002  c_t.l(rtentry2.o)
    0x00000414   0x00000008   Code   RO          235    .ARM.Collect$$rtentry$$00000004  c_t.l(rtentry4.o)
    0x0000041c   0x00000000   Code   RO          225    .ARM.Collect$$rtentry$$00000009  c_t.l(rtentry2.o)
    0x0000041c   0x00000004   Code   RO          226    .ARM.Collect$$rtentry$$0000000A  c_t.l(rtentry2.o)
    0x00000420   0x00000000   Code   RO          228    .ARM.Collect$$rtentry$$0000000C  c_t.l(rtentry2.o)
    0x00000420   0x00000028   Code   RO          229    .ARM.Collect$$rtentry$$0000000D  c_t.l(rtentry2.o)
    0x00000448   0x00000004   Ven    RO          256    .ARM.Collect$$rtexit$$00000000  c_t.l(rtexit.o)
    0x0000044c   0x00000004   Code   RO          256    .ARM.Collect$$rtexit$$00000000  c_t.l(rtexit.o)
    0x00000450   0x00000000   Code   RO          310    .ARM.Collect$$rtexit$$00000002  c_t.l(rtexit2.o)
    0x00000450   0x00000004   Code   RO          311    .ARM.Collect$$rtexit$$00000003  c_t.l(rtexit2.o)
    0x00000454   0x00000008   Code   RO          312    .ARM.Collect$$rtexit$$00000004  c_t.l(rtexit2.o)
    0x0000045c   0x00000024   Code   RO            4    .text               lpc2400.o
    0x00000480   0x000004e0   Code   RO           11    .text               main.o
    0x00000960   0x000002e0   Code   RO           61    .text               time.o
    0x00000c40   0x00001080   Code   RO           80    .text               uart0.o
    0x00001cc0   0x00000bd8   Code   RO          101    .text               uart1.o
    0x00002898   0x00000d8c   Code   RO          121    .text               uart2.o
    0x00003624   0x00000920   Code   RO          141    .text               uart3.o
    0x00003f44   0x000004ac   Code   RO          161    .text               iocontrol.o
    0x000043f0   0x00003478   Code   RO          175    .text               keydatatosend.o
    0x00007868   0x00000180   Code   RO          197    .text               c_t.l(aeabi_sdiv.o)
    0x000079e8   0x00000006   Code   RO          213    .text               c_t.l(heapauxi.o)
    0x000079ee   0x00000002   PAD
    0x000079f0   0x00000060   Code   RO          239    .text               c_t.l(sys_stackheap_outer.o)
    0x00007a50   0x0000000c   Code   RO          241    .text               c_t.l(exit.o)
    0x00007a5c   0x0000000c   Code   RO          253    .text               c_t.l(libspace.o)
    0x00007a68   0x00000008   Ven    RO          307    .text               c_t.l(sys_exit.o)
    0x00007a70   0x0000000c   Code   RO          307    .text               c_t.l(sys_exit.o)
    0x00007a7c   0x0000000c   Code   RO          319    .text               c_t.l(rt_fp_status_addr_intlibspace.o)
    0x00007a88   0x00000004   Code   RO          331    .text               c_t.l(use_no_semi.o)
    0x00007a8c   0x00000000   Code   RO          333    .text               c_t.l(indicate_semi.o)
    0x00007a8c   0x00000024   Code   RO          198    .text_udiv          c_t.l(aeabi_sdiv.o)
    0x00007ab0   0x00000004   Ven    RO          305    x$fpl$fpinit        fz_ts.l(fpinit.o)
    0x00007ab4   0x00000018   Code   RO          305    x$fpl$fpinit        fz_ts.l(fpinit.o)
    0x00007acc   0x00000200   Data   RO           82    .constdata          uart0.o
    0x00007ccc   0x00000020   Data   RO          382    Region$$Table       anon$$obj.o


    Execution Region RW_IRAM1 (Base: 0x40000000, Size: 0x00002080, Max: 0x00010000, ABSOLUTE)

    Base Addr    Size         Type   Attr      Idx    E Section Name        Object

    0x40000000   0x0000001c   Data   RW           13    .data               main.o
    0x4000001c   0x00000010   Data   RW           63    .data               time.o
    0x4000002c   0x00000037   Data   RW           83    .data               uart0.o
    0x40000063   0x00000001   PAD
    0x40000064   0x00000024   Data   RW          104    .data               uart1.o
    0x40000088   0x00000028   Data   RW          124    .data               uart2.o
    0x400000b0   0x0000001f   Data   RW          144    .data               uart3.o
    0x400000cf   0x00000001   PAD
    0x400000d0   0x0000002e   Data   RW          178    .data               keydatatosend.o
    0x400000fe   0x00000002   PAD
    0x40000100   0x00000352   Zero   RW           81    .bss                uart0.o
    0x40000452   0x000000d8   Zero   RW          102    .bss                uart1.o
    0x4000052a   0x00000146   Zero   RW          122    .bss                uart2.o
    0x40000670   0x00000078   Zero   RW          142    .bss                uart3.o
    0x400006e8   0x0000042e   Zero   RW          176    .bss                keydatatosend.o
    0x40000b16   0x00000002   PAD
    0x40000b18   0x00000060   Zero   RW          254    .bss                c_t.l(libspace.o)
    0x40000b78   0x00001000   Zero   RW            2    HEAP                lpc2400.o
    0x40001b78   0x00000508   Zero   RW            1    STACK               lpc2400.o


==============================================================================

Image component sizes


      Code (inc. data)   RO Data    RW Data    ZI Data      Debug   Object Name

      1196         24          0          0          0       2203   iocontrol.o
     13432        676          0         46       1070       7619   keydatatosend.o
       880        112          0          0       5384        564   lpc2400.o
      1248         80          0         28          0       8037   main.o
       736         56          0         16          0       1381   time.o
      4224        228        512         55        850       7564   uart0.o
      3032        132          0         36        216       4694   uart1.o
      3468        224          0         40        326       4415   uart2.o
      2336        164          0         31        120       3611   uart3.o

    ----------------------------------------------------------------------
     30552       1696        544        256       7968      40088   Object Totals
         0          0         32          0          0          0   (incl. Generated)
         0          0          0          4          2          0   (incl. Padding)

    ----------------------------------------------------------------------

      Code (inc. data)   RO Data    RW Data    ZI Data      Debug   Library Member Name

         8          0          0          0          0         68   __main.o
        60          8          0          0          0          0   __scatter.o
        40          0          0          0          0          0   __scatter_copy.o
        44          0          0          0          0          0   __scatter_zi.o
       420          0          0          0          0        148   aeabi_sdiv.o
        12          0          0          0          0         64   exit.o
         6          0          0          0          0        136   heapauxi.o
         0          0          0          0          0          0   indicate_semi.o
        14          0          0          0          0          0   libinit.o
        12          0          0          0          0          0   libinit2.o
        12          0          0          0          0          0   libshutdown.o
         6          0          0          0          0          0   libshutdown2.o
        12          4          0          0         96         68   libspace.o
        12          4          0          0          0         68   rt_fp_status_addr_intlibspace.o
         0          0          0          0          0          0   rtentry.o
        44          4          0          0          0          0   rtentry2.o
         8          0          0          0          0          0   rtentry4.o
         8          0          0          0          0          0   rtexit.o
        12          0          0          0          0          0   rtexit2.o
        20          4          0          0          0         60   sys_exit.o
        96          0          0          0          0         80   sys_stackheap_outer.o
         4          0          0          0          0         68   use_no_semi.o
        28          0          0          0          0         80   fpinit.o

    ----------------------------------------------------------------------
       884         24          0          0         96        840   Library Totals
         6          0          0          0          0          0   (incl. Padding)

    ----------------------------------------------------------------------

      Code (inc. data)   RO Data    RW Data    ZI Data      Debug   Library Name

       850         24          0          0         96        760   c_t.l
        28          0          0          0          0         80   fz_ts.l

    ----------------------------------------------------------------------
       884         24          0          0         96        840   Library Totals

    ----------------------------------------------------------------------

==============================================================================


      Code (inc. data)   RO Data    RW Data    ZI Data      Debug   

     31436       1720        544        256       8064      39488   Grand Totals
     31436       1720        544        256       8064      39488   ELF Image Totals
     31436       1720        544        256          0          0   ROM Totals

==============================================================================

    Total RO  Size (Code + RO Data)                31980 (  31.23kB)
    Total RW  Size (RW Data + ZI Data)              8320 (   8.13kB)
    Total ROM Size (Code + RO Data + RW Data)      32236 (  31.48kB)

==============================================================================

